#
# There is insufficient memory for the Java Runtime Environment to continue.
# Native memory allocation (mmap) failed to map 65536 bytes. Error detail: Failed to commit metaspace.
# Possible reasons:
#   The system is out of physical RAM or swap space
#   This process is running with CompressedOops enabled, and the Java Heap may be blocking the growth of the native heap
# Possible solutions:
#   Reduce memory load on the system
#   Increase physical memory or swap space
#   Check if swap backing store is full
#   Decrease Java heap size (-Xmx/-Xms)
#   Decrease number of Java threads
#   Decrease Java thread stack sizes (-Xss)
#   Set larger code cache with -XX:ReservedCodeCacheSize=
#

V  [jvm.dll+0x83a2d5]
V  [jvm.dll+0x83bd4e]
V  [jvm.dll+0x83c3d3]
V  [jvm.dll+0x24905f]
V  [jvm.dll+0x8360bd]
V  [jvm.dll+0x62941d]
V  [jvm.dll+0x1c07e0]
V  [jvm.dll+0x62bd92]
V  [jvm.dll+0x629dd6]
V  [jvm.dll+0x23e154]
V  [jvm.dll+0x1eb03f]
V  [jvm.dll+0x1e09a1]
V  [jvm.dll+0x5482c9]
V  [jvm.dll+0x7b4f98]
V  [jvm.dll+0x7b5094]
V  [jvm.dll+0x414d34]
V  [jvm.dll+0x41b799]
C  [java.dll+0x17ec]

Java frames: (J=compiled Java code, j=interpreted, Vv=VM code)
J 794  java.lang.ClassLoader.defineClass1(Ljava/lang/ClassLoader;Ljava/lang/String;[BIILjava/security/ProtectionDomain;Ljava/lang/String;)Ljava/lang/Class; java.base@17.0.19 (0 bytes) @ 0x00000241aca52883 [0x00000241aca527c0+0x00000000000000c3]
J 1087 c1 java.lang.ClassLoader.defineClass(Ljava/lang/String;[BIILjava/security/ProtectionDomain;)Ljava/lang/Class; java.base@17.0.19 (43 bytes) @ 0x00000241a5134e44 [0x00000241a5134b00+0x0000000000000344]
J 1065 c1 java.security.SecureClassLoader.defineClass(Ljava/lang/String;[BIILjava/security/CodeSource;)Ljava/lang/Class; java.base@17.0.19 (16 bytes) @ 0x00000241a512dd0c [0x00000241a512dc40+0x00000000000000cc]
J 1004 c1 java.net.URLClassLoader.defineClass(Ljava/lang/String;Ljdk/internal/loader/Resource;)Ljava/lang/Class; java.base@17.0.19 (224 bytes) @ 0x00000241a5115304 [0x00000241a51138c0+0x0000000000001a44]
J 902 c1 java.net.URLClassLoader$1.run()Ljava/lang/Class; java.base@17.0.19 (81 bytes) @ 0x00000241a50d277c [0x00000241a50d1b40+0x0000000000000c3c]
J 901 c1 java.net.URLClassLoader$1.run()Ljava/lang/Object; java.base@17.0.19 (5 bytes) @ 0x00000241a50d1644 [0x00000241a50d15c0+0x0000000000000084]
J 704 c1 java.security.AccessController.doPrivileged(Ljava/security/PrivilegedExceptionAction;Ljava/security/AccessControlContext;)Ljava/lang/Object; java.base@17.0.19 (26 bytes) @ 0x00000241a5061bf4 [0x00000241a5061a20+0x00000000000001d4]
J 899 c1 java.net.URLClassLoader.findClass(Ljava/lang/String;)Ljava/lang/Class; java.base@17.0.19 (47 bytes) @ 0x00000241a50d089c [0x00000241a50d0700+0x000000000000019c]
J 797 c1 java.lang.ClassLoader.loadClass(Ljava/lang/String;Z)Ljava/lang/Class; java.base@17.0.19 (121 bytes) @ 0x00000241a509b54c [0x00000241a509afc0+0x000000000000058c]
J 776 c1 java.lang.ClassLoader.loadClass(Ljava/lang/String;)Ljava/lang/Class; java.base@17.0.19 (7 bytes) @ 0x00000241a5093fcc [0x00000241a5093ec0+0x000000000000010c]
v  ~StubRoutines::call_stub
J 794  java.lang.ClassLoader.defineClass1(Ljava/lang/ClassLoader;Ljava/lang/String;[BIILjava/security/ProtectionDomain;Ljava/lang/String;)Ljava/lang/Class; java.base@17.0.19 (0 bytes) @ 0x00000241aca52883 [0x00000241aca527c0+0x00000000000000c3]
J 1087 c1 java.lang.ClassLoader.defineClass(Ljava/lang/String;[BIILjava/security/ProtectionDomain;)Ljava/lang/Class; java.base@17.0.19 (43 bytes) @ 0x00000241a5134e44 [0x00000241a5134b00+0x0000000000000344]
J 1065 c1 java.security.SecureClassLoader.defineClass(Ljava/lang/String;[BIILjava/security/CodeSource;)Ljava/lang/Class; java.base@17.0.19 (16 bytes) @ 0x00000241a512dd0c [0x00000241a512dc40+0x00000000000000cc]
J 1004 c1 java.net.URLClassLoader.defineClass(Ljava/lang/String;Ljdk/internal/loader/Resource;)Ljava/lang/Class; java.base@17.0.19 (224 bytes) @ 0x00000241a5115304 [0x00000241a51138c0+0x0000000000001a44]
J 902 c1 java.net.URLClassLoader$1.run()Ljava/lang/Class; java.base@17.0.19 (81 bytes) @ 0x00000241a50d277c [0x00000241a50d1b40+0x0000000000000c3c]
J 901 c1 java.net.URLClassLoader$1.run()Ljava/lang/Object; java.base@17.0.19 (5 bytes) @ 0x00000241a50d1644 [0x00000241a50d15c0+0x0000000000000084]
J 704 c1 java.security.AccessController.doPrivileged(Ljava/security/PrivilegedExceptionAction;Ljava/security/AccessControlContext;)Ljava/lang/Object; java.base@17.0.19 (26 bytes) @ 0x00000241a5061bf4 [0x00000241a5061a20+0x00000000000001d4]
J 899 c1 java.net.URLClassLoader.findClass(Ljava/lang/String;)Ljava/lang/Class; java.base@17.0.19 (47 bytes) @ 0x00000241a50d089c [0x00000241a50d0700+0x000000000000019c]
J 797 c1 java.lang.ClassLoader.loadClass(Ljava/lang/String;Z)Ljava/lang/Class; java.base@17.0.19 (121 bytes) @ 0x00000241a509b54c [0x00000241a509afc0+0x000000000000058c]
J 776 c1 java.lang.ClassLoader.loadClass(Ljava/lang/String;)Ljava/lang/Class; java.base@17.0.19 (7 bytes) @ 0x00000241a5093fcc [0x00000241a5093ec0+0x000000000000010c]
v  ~StubRoutines::call_stub
J 794  java.lang.ClassLoader.defineClass1(Ljava/lang/ClassLoader;Ljava/lang/String;[BIILjava/security/ProtectionDomain;Ljava/lang/String;)Ljava/lang/Class; java.base@17.0.19 (0 bytes) @ 0x00000241aca52883 [0x00000241aca527c0+0x00000000000000c3]
J 1087 c1 java.lang.ClassLoader.defineClass(Ljava/lang/String;[BIILjava/security/ProtectionDomain;)Ljava/lang/Class; java.base@17.0.19 (43 bytes) @ 0x00000241a5134e44 [0x00000241a5134b00+0x0000000000000344]
J 1065 c1 java.security.SecureClassLoader.defineClass(Ljava/lang/String;[BIILjava/security/CodeSource;)Ljava/lang/Class; java.base@17.0.19 (16 bytes) @ 0x00000241a512dd0c [0x00000241a512dc40+0x00000000000000cc]
J 1004 c1 java.net.URLClassLoader.defineClass(Ljava/lang/String;Ljdk/internal/loader/Resource;)Ljava/lang/Class; java.base@17.0.19 (224 bytes) @ 0x00000241a5115304 [0x00000241a51138c0+0x0000000000001a44]
J 902 c1 java.net.URLClassLoader$1.run()Ljava/lang/Class; java.base@17.0.19 (81 bytes) @ 0x00000241a50d277c [0x00000241a50d1b40+0x0000000000000c3c]
J 901 c1 java.net.URLClassLoader$1.run()Ljava/lang/Object; java.base@17.0.19 (5 bytes) @ 0x00000241a50d1644 [0x00000241a50d15c0+0x0000000000000084]
J 704 c1 java.security.AccessController.doPrivileged(Ljava/security/PrivilegedExceptionAction;Ljava/security/AccessControlContext;)Ljava/lang/Object; java.base@17.0.19 (26 bytes) @ 0x00000241a5061bf4 [0x00000241a5061a20+0x00000000000001d4]
J 899 c1 java.net.URLClassLoader.findClass(Ljava/lang/String;)Ljava/lang/Class; java.base@17.0.19 (47 bytes) @ 0x00000241a50d089c [0x00000241a50d0700+0x000000000000019c]
J 797 c1 java.lang.ClassLoader.loadClass(Ljava/lang/String;Z)Ljava/lang/Class; java.base@17.0.19 (121 bytes) @ 0x00000241a509b54c [0x00000241a509afc0+0x000000000000058c]
J 776 c1 java.lang.ClassLoader.loadClass(Ljava/lang/String;)Ljava/lang/Class; java.base@17.0.19 (7 bytes) @ 0x00000241a5093fcc [0x00000241a5093ec0+0x000000000000010c]
v  ~StubRoutines::call_stub
j  org.gradle.launcher.daemon.diagnostics.DaemonLogFileUtils.tail(Ljava/io/File;I)Ljava/lang/String;+13
j  org.gradle.launcher.daemon.diagnostics.DaemonDiagnostics.tailDaemonLog()Ljava/lang/String;+6
j  org.gradle.launcher.daemon.diagnostics.DaemonDiagnostics.describe()Ljava/lang/String;+37
j  org.gradle.launcher.daemon.client.DaemonClient.handleDaemonDisappearance(Lorg/gradle/launcher/daemon/protocol/Build;Lorg/gradle/launcher/daemon/diagnostics/DaemonDiagnostics;)Lorg/gradle/launcher/daemon/protocol/Result;+16
j  org.gradle.launcher.daemon.client.DaemonClient.monitorBuild(Lorg/gradle/launcher/daemon/protocol/Build;Lorg/gradle/launcher/daemon/diagnostics/DaemonDiagnostics;Lorg/gradle/launcher/daemon/client/DaemonClientConnection;Lorg/gradle/initialization/BuildCancellationToken;Lorg/gradle/initialization/BuildEventConsumer;)Ljava/lang/Object;+106
j  org.gradle.launcher.daemon.client.DaemonClient.executeBuild(Lorg/gradle/launcher/daemon/protocol/Build;Lorg/gradle/launcher/daemon/client/DaemonClientConnection;Lorg/gradle/initialization/BuildCancellationToken;Lorg/gradle/initialization/BuildEventConsumer;)Lorg/gradle/launcher/exec/BuildActionResult;+128
j  org.gradle.launcher.daemon.client.DaemonClient.execute(Lorg/gradle/internal/invocation/BuildAction;Lorg/gradle/launcher/exec/BuildActionParameters;Lorg/gradle/internal/daemon/client/execution/ClientBuildRequestContext;)Lorg/gradle/launcher/exec/BuildActionResult;+129
j  org.gradle.launcher.daemon.client.DaemonClient.execute(Lorg/gradle/internal/invocation/BuildAction;Ljava/lang/Object;Ljava/lang/Object;)Lorg/gradle/launcher/exec/BuildActionResult;+10
j  org.gradle.launcher.cli.RunBuildAction.run()V+67
j  org.gradle.internal.Actions$RunnableActionAdapter.execute(Ljava/lang/Object;)V+4
j  org.gradle.launcher.cli.DefaultCommandLineActionFactory$ParseAndBuildAction.execute(Lorg/gradle/launcher/bootstrap/ExecutionListener;)V+129
j  org.gradle.launcher.cli.DefaultCommandLineActionFactory$ParseAndBuildAction.execute(Ljava/lang/Object;)V+5
j  org.gradle.launcher.cli.DebugLoggerWarningAction.execute(Lorg/gradle/launcher/bootstrap/ExecutionListener;)V+9
j  org.gradle.launcher.cli.DebugLoggerWarningAction.execute(Ljava/lang/Object;)V+5
j  org.gradle.launcher.cli.WelcomeMessageAction.execute(Lorg/gradle/launcher/bootstrap/ExecutionListener;)V+218
j  org.gradle.launcher.cli.WelcomeMessageAction.execute(Ljava/lang/Object;)V+5
j  org.gradle.launcher.cli.NativeServicesInitializingAction.execute(Lorg/gradle/launcher/bootstrap/ExecutionListener;)V+38
j  org.gradle.launcher.cli.NativeServicesInitializingAction.execute(Ljava/lang/Object;)V+5
j  org.gradle.launcher.cli.ExceptionReportingAction.execute(Lorg/gradle/launcher/bootstrap/ExecutionListener;)V+5
j  org.gradle.launcher.cli.ExceptionReportingAction.execute(Ljava/lang/Object;)V+5
j  org.gradle.launcher.cli.DefaultCommandLineActionFactory$WithLogging.execute(Lorg/gradle/launcher/bootstrap/ExecutionListener;)V+309
j  org.gradle.launcher.Main.doAction([Ljava/lang/String;Lorg/gradle/launcher/bootstrap/ExecutionListener;)V+14
j  org.gradle.launcher.bootstrap.EntryPoint.run([Ljava/lang/String;)V+12
v  ~StubRoutines::call_stub
j  jdk.internal.reflect.NativeMethodAccessorImpl.invoke0(Ljava/lang/reflect/Method;Ljava/lang/Object;[Ljava/lang/Object;)Ljava/lang/Object;+0 java.base@17.0.19
j  jdk.internal.reflect.NativeMethodAccessorImpl.invoke(Ljava/lang/Object;[Ljava/lang/Object;)Ljava/lang/Object;+133 java.base@17.0.19
j  jdk.internal.reflect.DelegatingMethodAccessorImpl.invoke(Ljava/lang/Object;[Ljava/lang/Object;)Ljava/lang/Object;+6 java.base@17.0.19
j  java.lang.reflect.Method.invoke(Ljava/lang/Object;[Ljava/lang/Object;)Ljava/lang/Object;+59 java.base@17.0.19
j  org.gradle.launcher.bootstrap.ProcessBootstrap.runNoExit(Ljava/lang/String;Ljava/lang/String;Ljava/lang/String;[Ljava/lang/String;)V+205
j  org.gradle.launcher.bootstrap.ProcessBootstrap.run(Ljava/lang/String;Ljava/lang/String;Ljava/lang/String;[Ljava/lang/String;)V+4
j  org.gradle.launcher.GradleMain.main([Ljava/lang/String;)V+68
v  ~StubRoutines::call_stub
j  jdk.internal.reflect.NativeMethodAccessorImpl.invoke0(Ljava/lang/reflect/Method;Ljava/lang/Object;[Ljava/lang/Object;)Ljava/lang/Object;+0 java.base@17.0.19
j  jdk.internal.reflect.NativeMethodAccessorImpl.invoke(Ljava/lang/Object;[Ljava/lang/Object;)Ljava/lang/Object;+133 java.base@17.0.19
j  jdk.internal.reflect.DelegatingMethodAccessorImpl.invoke(Ljava/lang/Object;[Ljava/lang/Object;)Ljava/lang/Object;+6 java.base@17.0.19
j  java.lang.reflect.Method.invoke(Ljava/lang/Object;[Ljava/lang/Object;)Ljava/lang/Object;+59 java.base@17.0.19
j  org.gradle.wrapper.GradleWrapperMain.main([Ljava/lang/String;)V+1826
v  ~StubRoutines::call_stub

Compiled method (n/a) 391646  794     n 0       java.lang.ClassLoader::defineClass1 (native)
 total in heap  [0x00000241aca52610,0x00000241aca52b10] = 1280
 relocation     [0x00000241aca52770,0x00000241aca527a8] = 56
 main code      [0x00000241aca527c0,0x00000241aca52b10] = 848

[Constant Pool (empty)]

[MachCode]
[Entry Point]
  # {method} {0x00000241b7010f18} 'defineClass1' '(Ljava/lang/ClassLoader;Ljava/lang/String;[BIILjava/security/ProtectionDomain;Ljava/lang/String;)Ljava/lang/Class;' in 'java/lang/ClassLoader'
  # parm0:    rdx:rdx   = 'java/lang/ClassLoader'
  # parm1:    r8:r8     = 'java/lang/String'
  # parm2:    r9:r9     = '[B'
  # parm3:    rdi       = int
  # parm4:    rsi       = int
  # parm5:    rcx:rcx   = 'java/security/ProtectionDomain'
  # parm6:    [sp+0xa0]   = 'java/lang/String'  (sp of caller)
  0x00000241aca527c0: 448b 5208 | 49bb 0000 | 00b7 4102 | 0000 4d03 | d349 3bc2 | 0f84 0600 

  0x00000241aca527d8: ;   {runtime_call ic_miss_stub}
  0x00000241aca527d8: 0000 e9a1 | eda5 ff90 
[Verified Entry Point]
  0x00000241aca527e0: 8984 2400 | 90ff ff55 | 488b ec48 | 81ec 9000 | 0000 4881 | 7d10 0000 | 0000 488d | 4510 480f 
  0x00000241aca52800: 4445 1048 | 8944 2440 | 4889 4c24 | 7048 83f9 | 0048 8d44 | 2470 480f | 4444 2470 | 4889 4424 
  0x00000241aca52820: 3848 8974 | 2430 4889 | 7c24 284c | 894c 2458 | 4983 f900 | 488d 4424 | 5848 0f44 | 4424 5848 
  0x00000241aca52840: 8944 2420 | 4c89 4424 | 5049 83f8 | 004c 8d4c | 2450 4c0f | 444c 2450 | 4889 5424 | 4848 83fa 
  0x00000241aca52860: 004c 8d44 | 2448 4c0f | 4444 2448 

  0x00000241aca5286c: ;   {oop(a 'java/lang/Class'{0x00000000fc6b27e0} = 'java/lang/ClassLoader')}
  0x00000241aca5286c: 49be e027 | 6bfc 0000 | 0000 4c89 | 7424 784c | 8d74 2478 | 498b d6c5 

  0x00000241aca52884: ;   {internal_word}
  0x00000241aca52884: f877 49ba | 8328 a5ac | 4102 0000 | 4d89 97a0 | 0200 0049 | 89a7 9802 

  0x00000241aca5289c: ;   {external_word}
  0x00000241aca5289c: 0000 49ba | d5d6 8b2f | fb7f 0000 | 4180 3a00 | 0f84 5200 | 0000 5241 

  0x00000241aca528b4: ;   {metadata({method} {0x00000241b7010f18} 'defineClass1' '(Ljava/lang/ClassLoader;Ljava/lang/String;[BIILjava/security/ProtectionDomain;Ljava/lang/String;)Ljava/lang/Class;' in 'java/lang/ClassLoader')}
  0x00000241aca528b4: 5041 5148 | ba10 0f01 | b741 0200 | 0049 8bcf | 4883 ec20 | f7c4 0f00 | 0000 0f84 | 1a00 0000 
  0x00000241aca528d4: 4883 ec08 

  0x00000241aca528d8: ;   {runtime_call}
  0x00000241aca528d8: 49ba 80a4 | 412f fb7f | 0000 41ff | d248 83c4 | 08e9 0d00 

  0x00000241aca528ec: ;   {runtime_call}
  0x00000241aca528ec: 0000 49ba | 80a4 412f | fb7f 0000 | 41ff d248 | 83c4 2041 | 5941 585a | 498d 8fb8 | 0200 0041 
  0x00000241aca5290c: c787 4003 | 0000 0400 

  0x00000241aca52914: ;   {runtime_call}
  0x00000241aca52914: 0000 49ba | ac16 8279 | fb7f 0000 | 41ff d2c5 | f877 41c7 | 8740 0300 | 0005 0000 | 00f0 8344 
  0x00000241aca52934: 24c0 0049 | 3baf 4803 | 0000 0f87 | 1100 0000 | 4181 bf30 | 0300 0000 | 0000 000f | 842c 0000 
  0x00000241aca52954: 00c5 f877 | 4889 45f8 | 498b cf4c | 8be4 4883 | ec20 4883 

  0x00000241aca52968: ;   {runtime_call}
  0x00000241aca52968: e4f0 49ba | d0b3 512f | fb7f 0000 | 41ff d249 | 8be4 4d33 | e448 8b45 | f841 c787 | 4003 0000 
  0x00000241aca52988: 0800 0000 | 4181 bfb0 | 0300 0002 | 0000 000f | 843f 0100 

  0x00000241aca5299c: ;   {external_word}
  0x00000241aca5299c: 0049 bad5 | d68b 2ffb | 7f00 0041 | 803a 000f | 8450 0000 | 0048 8945 

  0x00000241aca529b4: ;   {metadata({method} {0x00000241b7010f18} 'defineClass1' '(Ljava/lang/ClassLoader;Ljava/lang/String;[BIILjava/security/ProtectionDomain;Ljava/lang/String;)Ljava/lang/Class;' in 'java/lang/ClassLoader')}
  0x00000241aca529b4: f848 ba10 | 0f01 b741 | 0200 0049 | 8bcf 4883 | ec20 f7c4 | 0f00 0000 | 0f84 1a00 | 0000 4883 
  0x00000241aca529d4: ;   {runtime_call}
  0x00000241aca529d4: ec08 49ba | 80a4 412f | fb7f 0000 | 41ff d248 | 83c4 08e9 | 0d00 0000 

  0x00000241aca529ec: ;   {runtime_call}
  0x00000241aca529ec: 49ba 80a4 | 412f fb7f | 0000 41ff | d248 83c4 | 2048 8b45 | f849 c787 | 9802 0000 | 0000 0000 
  0x00000241aca52a0c: 49c7 87a0 | 0200 0000 | 0000 00c5 | f877 4885 | c00f 8493 | 0000 0048 | f7c0 0100 | 0000 0f84 
  0x00000241aca52a2c: 8300 0000 | 488b 40ff | 4180 7f38 | 000f 846f | 0000 0048 | 83f8 000f | 8465 0000 | 0049 8b4f 
  0x00000241aca52a4c: 2048 83f9 | 000f 8414 | 0000 0048 | 83e9 0849 | 894f 2049 | 034f 3048 | 8901 e943 | 0000 0050 
  0x00000241aca52a6c: 498b d748 | 8bc8 4883 | ec20 f7c4 | 0f00 0000 | 0f84 1a00 | 0000 4883 

  0x00000241aca52a84: ;   {runtime_call}
  0x00000241aca52a84: ec08 49ba | 706b 002f | fb7f 0000 | 41ff d248 | 83c4 08e9 | 0d00 0000 

  0x00000241aca52a9c: ;   {runtime_call}
  0x00000241aca52a9c: 49ba 706b | 002f fb7f | 0000 41ff | d248 83c4 | 2058 e903 | 0000 0048 | 8b00 498b | 8fd8 0000 
  0x00000241aca52abc: 00c7 8100 | 0100 0000 | 0000 00c9 | 4981 7f08 | 0000 0000 | 0f85 0100 

  0x00000241aca52ad4: ;   {runtime_call StubRoutines (1)}
  0x00000241aca52ad4: 0000 c3e9 | 24e4 a0ff | c5f8 7748 | 8945 f84c | 8be4 4883 | ec20 4883 

  0x00000241aca52aec: ;   {runtime_call}
  0x00000241aca52aec: e4f0 49ba | 70d5 412f | fb7f 0000 | 41ff d249 | 8be4 4d33 | e448 8b45 | f8e9 93fe | ffff f4f4 
  0x00000241aca52b0c: f4f4 f4f4 
[/MachCode]


Compiled method (c1) 391665 1087       3       java.lang.ClassLoader::defineClass (43 bytes)
 total in heap  [0x00000241a5134910,0x00000241a5135228] = 2328
 relocation     [0x00000241a5134a70,0x00000241a5134b00] = 144
 main code      [0x00000241a5134b00,0x00000241a5134f80] = 1152
 stub code      [0x00000241a5134f80,0x00000241a5134ff8] = 120
 metadata       [0x00000241a5134ff8,0x00000241a5135028] = 48
 scopes data    [0x00000241a5135028,0x00000241a5135118] = 240
 scopes pcs     [0x00000241a5135118,0x00000241a51351f8] = 224
 dependencies   [0x00000241a51351f8,0x00000241a5135200] = 8
 nul chk table  [0x00000241a5135200,0x00000241a5135228] = 40

[Constant Pool (empty)]

[MachCode]
[Entry Point]
  # {method} {0x00000241b7010cb0} 'defineClass' '(Ljava/lang/String;[BIILjava/security/ProtectionDomain;)Ljava/lang/Class;' in 'java/lang/ClassLoader'
  # this:     rdx:rdx   = 'java/lang/ClassLoader'
  # parm0:    r8:r8     = 'java/lang/String'
  # parm1:    r9:r9     = '[B'
  # parm2:    rdi       = int
  # parm3:    rsi       = int
  # parm4:    rcx:rcx   = 'java/security/ProtectionDomain'
  #           [sp+0xc0]  (sp of caller)
  0x00000241a5134b00: 448b 5208 | 49bb 0000 | 00b7 4102 | 0000 4d03 | d34c 3bd0 

  0x00000241a5134b14: ;   {runtime_call ic_miss_stub}
  0x00000241a5134b14: 0f85 66ca | 3707 660f | 1f44 0000 
[Verified Entry Point]
  0x00000241a5134b20: 8984 2400 | 90ff ff55 | 4881 ecb0 | 0000 0048 | 8954 2478 

  0x00000241a5134b34: ;   {metadata(method data for {method} {0x00000241b7010cb0} 'defineClass' '(Ljava/lang/String;[BIILjava/security/ProtectionDomain;)Ljava/lang/Class;' in 'java/lang/ClassLoader')}
  0x00000241a5134b34: 48bb a0df | 22f8 4102 | 0000 8b83 | cc00 0000 | 83c0 0289 | 83cc 0000 | 0081 e0fe | 0700 0083 
  0x00000241a5134b54: f800 0f84 | 3e03 0000 | 89b4 2494 | 0000 0089 | bc24 9000 | 0000 4c89 | 8c24 8800 | 0000 488b 
  0x00000241a5134b74: ;   {metadata(method data for {method} {0x00000241b7010cb0} 'defineClass' '(Ljava/lang/String;[BIILjava/security/ProtectionDomain;)Ljava/lang/Class;' in 'java/lang/ClassLoader')}
  0x00000241a5134b74: da48 b8a0 | df22 f841 | 0200 0048 | 8380 1001 | 0000 0149 | 8bd8 4c8b | c34c 8bc9 | 488b ca48 
  0x00000241a5134b94: 8bd1 4889 | 9c24 8000 

  0x00000241a5134b9c: ;   {optimized virtual_call}
  0x00000241a5134b9c: 0000 90e8 

  0x00000241a5134ba0: ; ImmutableOopMap {[120]=Oop [136]=Oop [128]=Oop }
                      ;*invokevirtual preDefineClass {reexecute=0 rethrow=0 return_oop=0}
                      ; - java.lang.ClassLoader::defineClass@4 (line 1015)
  0x00000241a5134ba0: 7c0a 0000 | 4889 8424 | 9800 0000 | 488b 5424 

  0x00000241a5134bb0: ;   {metadata(method data for {method} {0x00000241b7010cb0} 'defineClass' '(Ljava/lang/String;[BIILjava/security/ProtectionDomain;)Ljava/lang/Class;' in 'java/lang/ClassLoader')}
  0x00000241a5134bb0: 7849 b8a0 | df22 f841 | 0200 0049 | 8380 4801 

  0x00000241a5134bc0: ;   {metadata(method data for {method} {0x00000241b7010ec0} 'defineClassSourceLocation' '(Ljava/security/ProtectionDomain;)Ljava/lang/String;' in 'java/lang/ClassLoader')}
  0x00000241a5134bc0: 0000 0149 | b838 eb22 | f841 0200 | 0041 8b90 | cc00 0000 | 83c2 0241 | 8990 cc00 | 0000 81e2 
  0x00000241a5134be0: feff 1f00 | 83fa 000f | 84ce 0200 | 0048 3b00 

  0x00000241a5134bf0: ;   {metadata(method data for {method} {0x00000241b7010ec0} 'defineClassSourceLocation' '(Ljava/security/ProtectionDomain;)Ljava/lang/String;' in 'java/lang/ClassLoader')}
  0x00000241a5134bf0: 4c8b c048 | ba38 eb22 | f841 0200 | 0048 8382 | 1001 0000 | 0144 8b40 | 1049 83f8 

  0x00000241a5134c0c: ;   {metadata(method data for {method} {0x00000241b7010ec0} 'defineClassSourceLocation' '(Ljava/security/ProtectionDomain;)Ljava/lang/String;' in 'java/lang/ClassLoader')}
  0x00000241a5134c0c: 0048 ba38 | eb22 f841 | 0200 0048 | c7c6 5801 | 0000 0f85 | 0700 0000 | 48c7 c648 | 0100 0048 
  0x00000241a5134c2c: 8b3c 3248 | 8d7f 0148 | 893c 320f | 850f 0000 

  0x00000241a5134c3c: ;   {oop(NULL)}
  0x00000241a5134c3c: 0048 bb00 | 0000 0000 | 0000 00e9 | a301 0000 

  0x00000241a5134c4c: ; implicit exception: dispatches to 0x00000241a5134ee1
  0x00000241a5134c4c: 493b 0049 

  0x00000241a5134c50: ;   {metadata(method data for {method} {0x00000241b7010ec0} 'defineClassSourceLocation' '(Ljava/security/ProtectionDomain;)Ljava/lang/String;' in 'java/lang/ClassLoader')}
  0x00000241a5134c50: 8bd0 48be | 38eb 22f8 | 4102 0000 | 4883 8668 | 0100 0001 | 418b 500c | 4883 fa00 

  0x00000241a5134c6c: ;   {metadata(method data for {method} {0x00000241b7010ec0} 'defineClassSourceLocation' '(Ljava/security/ProtectionDomain;)Ljava/lang/String;' in 'java/lang/ClassLoader')}
  0x00000241a5134c6c: 48be 38eb | 22f8 4102 | 0000 48c7 | c7b0 0100 | 000f 8507 | 0000 0048 | c7c7 a001 | 0000 488b 
  0x00000241a5134c8c: 1c3e 488d | 5b01 4889 | 1c3e 0f85 | 0f00 0000 

  0x00000241a5134c9c: ;   {oop(NULL)}
  0x00000241a5134c9c: 48bb 0000 | 0000 0000 | 0000 e944 

  0x00000241a5134ca8: ;   {metadata(method data for {method} {0x00000241b7010ec0} 'defineClassSourceLocation' '(Ljava/security/ProtectionDomain;)Ljava/lang/String;' in 'java/lang/ClassLoader')}
  0x00000241a5134ca8: 0100 0048 | be38 eb22 | f841 0200 | 0048 8386 | c001 0000 | 0148 3b02 

  0x00000241a5134cc0: ;   {metadata(method data for {method} {0x00000241b7010ec0} 'defineClassSourceLocation' '(Ljava/security/ProtectionDomain;)Ljava/lang/String;' in 'java/lang/ClassLoader')}
  0x00000241a5134cc0: 4c8b c248 | be38 eb22 | f841 0200 | 0048 8386 | f801 0000 

  0x00000241a5134cd4: ;   {metadata(method data for {method} {0x00000241b7068a68} 'toString' '()Ljava/lang/String;' in 'java/net/URL')}
  0x00000241a5134cd4: 0149 b808 | ee16 f841 | 0200 0041 | 8bb0 cc00 | 0000 83c6 | 0241 89b0 | cc00 0000 | 81e6 feff 
  0x00000241a5134cf4: 1f00 83fe | 000f 84ec | 0100 004c 

  0x00000241a5134d00: ;   {metadata(method data for {method} {0x00000241b7068a68} 'toString' '()Ljava/lang/String;' in 'java/net/URL')}
  0x00000241a5134d00: 8bc2 48be | 08ee 16f8 | 4102 0000 | 4883 8610 | 0100 0001 

  0x00000241a5134d14: ;   {metadata(method data for {method} {0x00000241b7069300} 'toExternalForm' '()Ljava/lang/String;' in 'java/net/URL')}
  0x00000241a5134d14: 49b8 90ef | 16f8 4102 | 0000 418b | b0cc 0000 | 0083 c602 | 4189 b0cc | 0000 0081 | e6fe ff1f 
  0x00000241a5134d34: 0083 fe00 | 0f84 ce01 | 0000 8b72 | 3848 3b06 

  0x00000241a5134d44: ;   {metadata(method data for {method} {0x00000241b7069300} 'toExternalForm' '()Ljava/lang/String;' in 'java/net/URL')}
  0x00000241a5134d44: 4c8b c648 | bf90 ef16 | f841 0200 | 0045 8b40 | 0849 ba00 | 0000 b741 | 0200 004d | 03c2 4c3b 
  0x00000241a5134d64: 8720 0100 | 0075 0d48 | 8387 2801 | 0000 01e9 | 6600 0000 | 4c3b 8730 | 0100 0075 | 0d48 8387 
  0x00000241a5134d84: 3801 0000 | 01e9 5000 | 0000 4881 | bf20 0100 | 0000 0000 | 0075 174c | 8987 2001 | 0000 48c7 
  0x00000241a5134da4: 8728 0100 | 0001 0000 | 00e9 2c00 | 0000 4881 | bf30 0100 | 0000 0000 | 0075 174c | 8987 3001 
  0x00000241a5134dc4: 0000 48c7 | 8738 0100 | 0001 0000 | 00e9 0800 | 0000 4883 | 8710 0100 | 0001 4c8b | c248 8bd6 
  0x00000241a5134de4: ;   {optimized virtual_call}
  0x00000241a5134de4: 6666 90e8 

  0x00000241a5134de8: ; ImmutableOopMap {[120]=Oop [136]=Oop [128]=Oop [152]=Oop }
                      ;*invokevirtual toExternalForm {reexecute=0 rethrow=0 return_oop=0}
                      ; - java.net.URL::toExternalForm@5 (line 1039)
                      ; - java.net.URL::toString@1 (line 1025)
                      ; - java.lang.ClassLoader::defineClassSourceLocation@22 (line 917)
                      ; - java.lang.ClassLoader::defineClass@12 (line 1016)
  0x00000241a5134de8: 74d1 f7ff | 488b d848 | 8b84 2498 | 0000 008b | b424 9400 | 0000 8bbc | 2490 0000 | 004c 8b8c 
  0x00000241a5134e08: 2488 0000 | 004c 8b84 | 2480 0000 | 0048 8b54 

  0x00000241a5134e18: ;   {metadata(method data for {method} {0x00000241b7010cb0} 'defineClass' '(Ljava/lang/String;[BIILjava/security/ProtectionDomain;)Ljava/lang/Class;' in 'java/lang/ClassLoader')}
  0x00000241a5134e18: 2478 48b9 | a0df 22f8 | 4102 0000 | 4883 8180 | 0100 0001 | 4c8b da49 | 8bd3 488b | c848 891c 
  0x00000241a5134e38: 2466 0f1f 

  0x00000241a5134e3c: ;   {static_call}
  0x00000241a5134e3c: 4400 00e8 

  0x00000241a5134e40: ; ImmutableOopMap {[152]=Oop [120]=Oop }
                      ;*invokestatic defineClass1 {reexecute=0 rethrow=0 return_oop=0}
                      ; - java.lang.ClassLoader::defineClass@27 (line 1017)
  0x00000241a5134e40: 9cd9 9107 | 488b 5424 

  0x00000241a5134e48: ;   {metadata(method data for {method} {0x00000241b7010cb0} 'defineClass' '(Ljava/lang/String;[BIILjava/security/ProtectionDomain;)Ljava/lang/Class;' in 'java/lang/ClassLoader')}
  0x00000241a5134e48: 7849 b8a0 | df22 f841 | 0200 0049 | 8380 9001 | 0000 014c | 8bc0 4c8b | 8c24 9800 | 0000 488b 
  0x00000241a5134e68: 5424 7848 | 8984 24a0 | 0000 000f 

  0x00000241a5134e74: ;   {optimized virtual_call}
  0x00000241a5134e74: 1f40 00e8 

  0x00000241a5134e78: ; ImmutableOopMap {[160]=Oop }
                      ;*invokevirtual postDefineClass {reexecute=0 rethrow=0 return_oop=0}
                      ; - java.lang.ClassLoader::defineClass@37 (line 1018)
  0x00000241a5134e78: 243a faff | 488b 8424 | a000 0000 | 4881 c4b0 | 0000 005d 

  0x00000241a5134e8c: ;   {poll_return}
  0x00000241a5134e8c: 493b a748 | 0300 000f | 8799 0000 

  0x00000241a5134e98: ;   {metadata({method} {0x00000241b7010cb0} 'defineClass' '(Ljava/lang/String;[BIILjava/security/ProtectionDomain;)Ljava/lang/Class;' in 'java/lang/ClassLoader')}
  0x00000241a5134e98: 00c3 49ba | a80c 01b7 | 4102 0000 | 4c89 5424 | 0848 c704 | 24ff ffff 

  0x00000241a5134eb0: ;   {runtime_call counter_overflow Runtime1 stub}
  0x00000241a5134eb0: ffe8 ca9a 

  0x00000241a5134eb4: ; ImmutableOopMap {rdx=Oop [120]=Oop r8=Oop r9=Oop rcx=Oop }
                      ;*synchronization entry
                      ; - java.lang.ClassLoader::defineClass@-1 (line 1015)
  0x00000241a5134eb4: 4207 e9a1 

  0x00000241a5134eb8: ;   {metadata({method} {0x00000241b7010ec0} 'defineClassSourceLocation' '(Ljava/security/ProtectionDomain;)Ljava/lang/String;' in 'java/lang/ClassLoader')}
  0x00000241a5134eb8: fcff ff49 | bab8 0e01 | b741 0200 | 004c 8954 | 2408 48c7 | 0424 ffff 

  0x00000241a5134ed0: ;   {runtime_call counter_overflow Runtime1 stub}
  0x00000241a5134ed0: ffff e8a9 

  0x00000241a5134ed4: ; ImmutableOopMap {[120]=Oop [136]=Oop [128]=Oop rax=Oop [152]=Oop }
                      ;*synchronization entry
                      ; - java.lang.ClassLoader::defineClassSourceLocation@-1 (line 914)
                      ; - java.lang.ClassLoader::defineClass@12 (line 1016)
  0x00000241a5134ed4: 9a42 07e9 | 11fd ffff 

  0x00000241a5134edc: ;   {runtime_call throw_null_pointer_exception Runtime1 stub}
  0x00000241a5134edc: e83f 2c42 

  0x00000241a5134ee0: ; ImmutableOopMap {[120]=Oop [136]=Oop [128]=Oop rax=Oop [152]=Oop }
                      ;*invokevirtual getCodeSource {reexecute=0 rethrow=0 return_oop=0}
                      ; - java.lang.ClassLoader::defineClassSourceLocation@1 (line 914)
                      ; - java.lang.ClassLoader::defineClass@12 (line 1016)
                      ;   {runtime_call throw_null_pointer_exception Runtime1 stub}
  0x00000241a5134ee0: 07e8 3a2c 

  0x00000241a5134ee4: ; ImmutableOopMap {[120]=Oop [136]=Oop [128]=Oop rax=Oop [152]=Oop r8=Oop }
                      ;*invokevirtual getLocation {reexecute=0 rethrow=0 return_oop=0}
                      ; - java.lang.ClassLoader::defineClassSourceLocation@12 (line 916)
                      ; - java.lang.ClassLoader::defineClass@12 (line 1016)
                      ;   {runtime_call throw_null_pointer_exception Runtime1 stub}
  0x00000241a5134ee4: 4207 e835 

  0x00000241a5134ee8: ; ImmutableOopMap {[120]=Oop [136]=Oop [128]=Oop [152]=Oop rdx=Oop }
                      ;*invokevirtual toString {reexecute=0 rethrow=0 return_oop=0}
                      ; - java.lang.ClassLoader::defineClassSourceLocation@22 (line 917)
                      ; - java.lang.ClassLoader::defineClass@12 (line 1016)
                      ;   {metadata({method} {0x00000241b7068a68} 'toString' '()Ljava/lang/String;' in 'java/net/URL')}
  0x00000241a5134ee8: 2c42 0749 | ba60 8a06 | b741 0200 | 004c 8954 | 2408 48c7 | 0424 ffff 

  0x00000241a5134f00: ;   {runtime_call counter_overflow Runtime1 stub}
  0x00000241a5134f00: ffff e879 

  0x00000241a5134f04: ; ImmutableOopMap {[120]=Oop [136]=Oop [128]=Oop [152]=Oop rdx=Oop }
                      ;*synchronization entry
                      ; - java.net.URL::toString@-1 (line 1025)
                      ; - java.lang.ClassLoader::defineClassSourceLocation@22 (line 917)
                      ; - java.lang.ClassLoader::defineClass@12 (line 1016)
  0x00000241a5134f04: 9a42 07e9 | f3fd ffff 

  0x00000241a5134f0c: ;   {metadata({method} {0x00000241b7069300} 'toExternalForm' '()Ljava/lang/String;' in 'java/net/URL')}
  0x00000241a5134f0c: 49ba f892 | 06b7 4102 | 0000 4c89 | 5424 0848 | c704 24ff 

  0x00000241a5134f20: ;   {runtime_call counter_overflow Runtime1 stub}
  0x00000241a5134f20: ffff ffe8 

  0x00000241a5134f24: ; ImmutableOopMap {[120]=Oop [136]=Oop [128]=Oop [152]=Oop rdx=Oop }
                      ;*synchronization entry
                      ; - java.net.URL::toExternalForm@-1 (line 1039)
                      ; - java.net.URL::toString@1 (line 1025)
                      ; - java.lang.ClassLoader::defineClassSourceLocation@22 (line 917)
                      ; - java.lang.ClassLoader::defineClass@12 (line 1016)
  0x00000241a5134f24: 589a 4207 | e911 feff 

  0x00000241a5134f2c: ;   {runtime_call throw_null_pointer_exception Runtime1 stub}
  0x00000241a5134f2c: ffe8 ee2b 

  0x00000241a5134f30: ; ImmutableOopMap {[120]=Oop [136]=Oop [128]=Oop [152]=Oop rdx=Oop rsi=Oop }
                      ;*invokevirtual toExternalForm {reexecute=0 rethrow=0 return_oop=0}
                      ; - java.net.URL::toExternalForm@5 (line 1039)
                      ; - java.net.URL::toString@1 (line 1025)
                      ; - java.lang.ClassLoader::defineClassSourceLocation@22 (line 917)
                      ; - java.lang.ClassLoader::defineClass@12 (line 1016)
                      ;   {internal_word}
  0x00000241a5134f30: 4207 49ba | 8c4e 13a5 | 4102 0000 | 4d89 9760 

  0x00000241a5134f40: ;   {runtime_call SafepointBlob}
  0x00000241a5134f40: 0300 00e9 | 3840 3807 | 9090 498b | 87d8 0300 | 0049 c787 | d803 0000 | 0000 0000 | 49c7 87e0 
  0x00000241a5134f60: 0300 0000 | 0000 0048 | 81c4 b000 

  0x00000241a5134f6c: ;   {runtime_call unwind_exception Runtime1 stub}
  0x00000241a5134f6c: 0000 5de9 | 8c48 3907 | f4f4 f4f4 | f4f4 f4f4 | f4f4 f4f4 
[Stub Code]
  0x00000241a5134f80: ;   {no_reloc}
  0x00000241a5134f80: 0f1f 4400 

  0x00000241a5134f84: ;   {static_stub}
  0x00000241a5134f84: 0048 bb60 | 0e01 b741 

  0x00000241a5134f8c: ;   {runtime_call I2C/C2I adapters}
  0x00000241a5134f8c: 0200 00e9 | cd4e 3807 

  0x00000241a5134f94: ;   {static_stub}
  0x00000241a5134f94: 9048 bb00 | 0000 0000 

  0x00000241a5134f9c: ;   {runtime_call}
  0x00000241a5134f9c: 0000 00e9 | fbff ffff 

  0x00000241a5134fa4: ;   {static_stub}
  0x00000241a5134fa4: 9048 bb00 | 0000 0000 

  0x00000241a5134fac: ;   {runtime_call}
  0x00000241a5134fac: 0000 00e9 | fbff ffff 

  0x00000241a5134fb4: ;   {static_stub}
  0x00000241a5134fb4: 9048 bb00 | 0000 0000 

  0x00000241a5134fbc: ;   {runtime_call}
  0x00000241a5134fbc: 0000 00e9 | fbff ffff 
[Exception Handler]
  0x00000241a5134fc4: ;   {runtime_call handle_exception_from_callee Runtime1 stub}
  0x00000241a5134fc4: e837 5142 

  0x00000241a5134fc8: ;   {external_word}
  0x00000241a5134fc8: 0748 b900 | fa65 2ffb | 7f00 0048 

  0x00000241a5134fd4: ;   {runtime_call}
  0x00000241a5134fd4: 83e4 f049 | baf0 972e | 2ffb 7f00 | 0041 ffd2 

  0x00000241a5134fe4: ;   {section_word}
  0x00000241a5134fe4: f449 bae5 | 4f13 a541 | 0200 0041 

  0x00000241a5134ff0: ;   {runtime_call DeoptimizationBlob}
  0x00000241a5134ff0: 52e9 2a54 | 3807 f4f4 
[/MachCode]


Compiled method (c1) 391702 1065       3       java.security.SecureClassLoader::defineClass (16 bytes)
 total in heap  [0x00000241a512da90,0x00000241a512de80] = 1008
 relocation     [0x00000241a512dbf0,0x00000241a512dc38] = 72
 main code      [0x00000241a512dc40,0x00000241a512dd80] = 320
 stub code      [0x00000241a512dd80,0x00000241a512ddd8] = 88
 metadata       [0x00000241a512ddd8,0x00000241a512dde0] = 8
 scopes data    [0x00000241a512dde0,0x00000241a512de28] = 72
 scopes pcs     [0x00000241a512de28,0x00000241a512de78] = 80
 dependencies   [0x00000241a512de78,0x00000241a512de80] = 8

[Constant Pool (empty)]

[MachCode]
[Entry Point]
  # {method} {0x00000241b7435008} 'defineClass' '(Ljava/lang/String;[BIILjava/security/CodeSource;)Ljava/lang/Class;' in 'java/security/SecureClassLoader'
  # this:     rdx:rdx   = 'java/security/SecureClassLoader'
  # parm0:    r8:r8     = 'java/lang/String'
  # parm1:    r9:r9     = '[B'
  # parm2:    rdi       = int
  # parm3:    rsi       = int
  # parm4:    rcx:rcx   = 'java/security/CodeSource'
  #           [sp+0x80]  (sp of caller)
  0x00000241a512dc40: 448b 5208 | 49bb 0000 | 00b7 4102 | 0000 4d03 | d34c 3bd0 

  0x00000241a512dc54: ;   {runtime_call ic_miss_stub}
  0x00000241a512dc54: 0f85 2639 | 3807 660f | 1f44 0000 
[Verified Entry Point]
  0x00000241a512dc60: 8984 2400 | 90ff ff55 | 4883 ec70 

  0x00000241a512dc6c: ;   {metadata(method data for {method} {0x00000241b7435008} 'defineClass' '(Ljava/lang/String;[BIILjava/security/CodeSource;)Ljava/lang/Class;' in 'java/security/SecureClassLoader')}
  0x00000241a512dc6c: 48bb f873 | 1df8 4102 | 0000 8b83 | cc00 0000 | 83c0 0289 | 83cc 0000 | 0081 e0fe | 0700 0083 
  0x00000241a512dc8c: f800 0f84 | 8b00 0000 | 8974 245c | 897c 2458 | 4c89 4c24 | 504c 8944 | 2448 488b 

  0x00000241a512dca8: ;   {metadata(method data for {method} {0x00000241b7435008} 'defineClass' '(Ljava/lang/String;[BIILjava/security/CodeSource;)Ljava/lang/Class;' in 'java/security/SecureClassLoader')}
  0x00000241a512dca8: da48 b8f8 | 731d f841 | 0200 0048 | 8380 1001 | 0000 014c | 8bc1 488b | c248 8bd0 | 4889 4424 
  0x00000241a512dcc8: 4066 0f1f 

  0x00000241a512dccc: ;   {optimized virtual_call}
  0x00000241a512dccc: 4400 00e8 

  0x00000241a512dcd0: ; ImmutableOopMap {[80]=Oop [64]=Oop [72]=Oop }
                      ;*invokevirtual getProtectionDomain {reexecute=0 rethrow=0 return_oop=0}
                      ; - java.security.SecureClassLoader::defineClass@9 (line 150)
  0x00000241a512dcd0: cc56 0000 | 488b 5424 

  0x00000241a512dcd8: ;   {metadata(method data for {method} {0x00000241b7435008} 'defineClass' '(Ljava/lang/String;[BIILjava/security/CodeSource;)Ljava/lang/Class;' in 'java/security/SecureClassLoader')}
  0x00000241a512dcd8: 4049 b8f8 | 731d f841 | 0200 0049 | 8380 4801 | 0000 014c | 8b44 2448 | 4c8b 4c24 | 508b 7c24 
  0x00000241a512dcf8: 588b 7424 | 5c48 8bc8 | 488b 5424 

  0x00000241a512dd04: ;   {optimized virtual_call}
  0x00000241a512dd04: 4066 90e8 

  0x00000241a512dd08: ; ImmutableOopMap {}
                      ;*invokevirtual defineClass {reexecute=0 rethrow=0 return_oop=0}
                      ; - java.security.SecureClassLoader::defineClass@12 (line 150)
  0x00000241a512dd08: 146e 0000 | 4883 c470 

  0x00000241a512dd10: ;   {poll_return}
  0x00000241a512dd10: 5d49 3ba7 | 4803 0000 | 0f87 2200 

  0x00000241a512dd1c: ;   {metadata({method} {0x00000241b7435008} 'defineClass' '(Ljava/lang/String;[BIILjava/security/CodeSource;)Ljava/lang/Class;' in 'java/security/SecureClassLoader')}
  0x00000241a512dd1c: 0000 c349 | ba00 5043 | b741 0200 | 004c 8954 | 2408 48c7 | 0424 ffff 

  0x00000241a512dd34: ;   {runtime_call counter_overflow Runtime1 stub}
  0x00000241a512dd34: ffff e845 

  0x00000241a512dd38: ; ImmutableOopMap {rdx=Oop r8=Oop r9=Oop rcx=Oop }
                      ;*synchronization entry
                      ; - java.security.SecureClassLoader::defineClass@-1 (line 150)
  0x00000241a512dd38: 0c43 07e9 | 54ff ffff 

  0x00000241a512dd40: ;   {internal_word}
  0x00000241a512dd40: 49ba 11dd | 12a5 4102 | 0000 4d89 | 9760 0300 

  0x00000241a512dd50: ;   {runtime_call SafepointBlob}
  0x00000241a512dd50: 00e9 2ab2 | 3807 9090 | 498b 87d8 | 0300 0049 | c787 d803 | 0000 0000 | 0000 49c7 | 87e0 0300 
  0x00000241a512dd70: 0000 0000 | 0048 83c4 

  0x00000241a512dd78: ;   {runtime_call unwind_exception Runtime1 stub}
  0x00000241a512dd78: 705d e981 | ba39 07f4 
[Stub Code]
  0x00000241a512dd80: ;   {no_reloc}
  0x00000241a512dd80: 0f1f 4400 

  0x00000241a512dd84: ;   {static_stub}
  0x00000241a512dd84: 0048 bbb0 | 5043 b741 

  0x00000241a512dd8c: ;   {runtime_call I2C/C2I adapters}
  0x00000241a512dd8c: 0200 00e9 | c997 3807 

  0x00000241a512dd94: ;   {static_stub}
  0x00000241a512dd94: 9048 bba8 | 0c01 b741 

  0x00000241a512dd9c: ;   {runtime_call I2C/C2I adapters}
  0x00000241a512dd9c: 0200 00e9 | 47a5 3707 
[Exception Handler]
  0x00000241a512dda4: ;   {runtime_call handle_exception_from_callee Runtime1 stub}
  0x00000241a512dda4: e857 c342 

  0x00000241a512dda8: ;   {external_word}
  0x00000241a512dda8: 0748 b900 | fa65 2ffb | 7f00 0048 

  0x00000241a512ddb4: ;   {runtime_call}
  0x00000241a512ddb4: 83e4 f049 | baf0 972e | 2ffb 7f00 | 0041 ffd2 

  0x00000241a512ddc4: ;   {section_word}
  0x00000241a512ddc4: f449 bac5 | dd12 a541 | 0200 0041 

  0x00000241a512ddd0: ;   {runtime_call DeoptimizationBlob}
  0x00000241a512ddd0: 52e9 4ac6 | 3807 f4f4 
[/MachCode]


---------------  P R O C E S S  ---------------

Threads class SMR info:
_java_thread_list=0x00000241fc3d79d0, length=13, elements={
0x000002419d3a7c00, 0x00000241b6e029f0, 0x00000241b6e035b0, 0x00000241b6e16280,
0x00000241b6e16c40, 0x00000241b6e17600, 0x00000241b6e17fc0, 0x00000241b6e19d70,
0x00000241b6e266c0, 0x00000241b6e26fd0, 0x00000241fc094730, 0x00000241fc096ec0,
0x00000241fcfe9a30
}

Java Threads: ( => current thread )
=>0x000002419d3a7c00 JavaThread "main" [_thread_in_vm, id=12460, stack(0x0000007110500000,0x0000007110600000)]
  0x00000241b6e029f0 JavaThread "Reference Handler" daemon [_thread_blocked, id=16716, stack(0x0000007110c00000,0x0000007110d00000)]
  0x00000241b6e035b0 JavaThread "Finalizer" daemon [_thread_blocked, id=12836, stack(0x0000007110d00000,0x0000007110e00000)]
  0x00000241b6e16280 JavaThread "Signal Dispatcher" daemon [_thread_blocked, id=10796, stack(0x0000007110e00000,0x0000007110f00000)]
  0x00000241b6e16c40 JavaThread "Attach Listener" daemon [_thread_blocked, id=4420, stack(0x0000007110f00000,0x0000007111000000)]
  0x00000241b6e17600 JavaThread "Service Thread" daemon [_thread_blocked, id=12932, stack(0x0000007111000000,0x0000007111100000)]
  0x00000241b6e17fc0 JavaThread "Monitor Deflation Thread" daemon [_thread_blocked, id=764, stack(0x0000007111100000,0x0000007111200000)]
  0x00000241b6e19d70 JavaThread "C2 CompilerThread0" daemon [_thread_in_native, id=1660, stack(0x0000007111200000,0x0000007111300000)]
  0x00000241b6e266c0 JavaThread "C1 CompilerThread0" daemon [_thread_blocked, id=14628, stack(0x0000007111300000,0x0000007111400000)]
  0x00000241b6e26fd0 JavaThread "Sweeper thread" daemon [_thread_blocked, id=15604, stack(0x0000007111400000,0x0000007111500000)]
  0x00000241fc094730 JavaThread "Notification Thread" daemon [_thread_blocked, id=16348, stack(0x0000007111500000,0x0000007111600000)]
  0x00000241fc096ec0 JavaThread "Common-Cleaner" daemon [_thread_blocked, id=7536, stack(0x0000007111700000,0x0000007111800000)]
  0x00000241fcfe9a30 JavaThread "pool-1-thread-1" [_thread_blocked, id=7048, stack(0x0000007111d00000,0x0000007111e00000)]

Other Threads:
  0x000002419d457cb0 VMThread "VM Thread" [stack: 0x0000007110b00000,0x0000007110c00000] [id=3684]
  0x00000241fc094c10 WatcherThread [stack: 0x0000007111600000,0x0000007111700000] [id=17044]
  0x000002419d3cb070 GCTaskThread "GC Thread#0" [stack: 0x0000007110600000,0x0000007110700000] [id=12804]
  0x00000241fc4c5330 GCTaskThread "GC Thread#1" [stack: 0x0000007111a00000,0x0000007111b00000] [id=10900]
  0x00000241fc25bee0 GCTaskThread "GC Thread#2" [stack: 0x0000007111b00000,0x0000007111c00000] [id=10148]
  0x00000241fc570d20 GCTaskThread "GC Thread#3" [stack: 0x0000007111c00000,0x0000007111d00000] [id=156]
  0x00000241fd393640 GCTaskThread "GC Thread#4" [stack: 0x0000007111900000,0x0000007111a00000] [id=8272]
  0x00000241fcfb67d0 GCTaskThread "GC Thread#5" [stack: 0x0000007111e00000,0x0000007111f00000] [id=4460]
  0x00000241fcd2b6d0 GCTaskThread "GC Thread#6" [stack: 0x0000007111f00000,0x0000007112000000] [id=4596]
  0x00000241fc0634d0 GCTaskThread "GC Thread#7" [stack: 0x0000007110200000,0x0000007110300000] [id=18300]
  0x000002419d3cc7c0 ConcurrentGCThread "G1 Main Marker" [stack: 0x0000007110700000,0x0000007110800000] [id=16248]
  0x000002419d3cdeb0 ConcurrentGCThread "G1 Conc#0" [stack: 0x0000007110800000,0x0000007110900000] [id=3740]
  0x000002419d436db0 ConcurrentGCThread "G1 Refine#0" [stack: 0x0000007110900000,0x0000007110a00000] [id=15976]
  0x00000241fd2f7570 ConcurrentGCThread "G1 Refine#1" [stack: 0x0000007112000000,0x0000007112100000] [id=13868]
  0x00000241fd415880 ConcurrentGCThread "G1 Refine#2" [stack: 0x0000007112100000,0x0000007112200000] [id=16768]
  0x000002419d437680 ConcurrentGCThread "G1 Service" [stack: 0x0000007110a00000,0x0000007110b00000] [id=3956]

Threads with active compile tasks:
C2 CompilerThread0  391714 1896       4       java.util.Arrays::copyOf (19 bytes)

VM state: not at safepoint (normal execution)

VM Mutex/Monitor currently owned by a thread:  ([mutex/lock_event])
[0x000002419d3a1c70] Metaspace_lock - owner thread: 0x000002419d3a7c00

Heap address: 0x00000000fc000000, size: 64 MB, Compressed Oops mode: 32-bit

CDS archive(s) mapped at: [0x00000241b7000000-0x00000241b7bb0000-0x00000241b7bb0000), size 12255232, SharedBaseAddress: 0x00000241b7000000, ArchiveRelocationMode: 1.
Compressed class space mapped at: 0x00000241b8000000-0x00000241f8000000, reserved size: 1073741824
Narrow klass base: 0x00000241b7000000, Narrow klass shift: 0, Narrow klass range: 0x100000000

GC Precious Log:
 CPUs: 8 total, 8 available
 Memory: 11971M
 Large Page Support: Disabled
 NUMA Support: Disabled
 Compressed Oops: Enabled (32-bit)
 Heap Region Size: 1M
 Heap Min Capacity: 64M
 Heap Initial Capacity: 64M
 Heap Max Capacity: 64M
 Pre-touch: Disabled
 Parallel Workers: 8
 Concurrent Workers: 2
 Concurrent Refinement Workers: 8
 Periodic GC: Disabled

Heap:
 garbage-first heap   total 65536K, used 32848K [0x00000000fc000000, 0x0000000100000000)
  region size 1024K, 22 young (22528K), 1 survivors (1024K)
 Metaspace       used 9153K, committed 9280K, reserved 1114112K
  class space    used 1211K, committed 1280K, reserved 1048576K

Heap Regions: E=young(eden), S=young(survivor), O=old, HS=humongous(starts), HC=humongous(continues), CS=collection set, F=free, OA=open archive, CA=closed archive, TAMS=top-at-mark-start (previous, next)
|   0|0x00000000fc000000, 0x00000000fc100000, 0x00000000fc100000|100%|HS|  |TAMS 0x00000000fc000000, 0x00000000fc000000| Complete 
|   1|0x00000000fc100000, 0x00000000fc200000, 0x00000000fc200000|100%|HC|  |TAMS 0x00000000fc100000, 0x00000000fc100000| Complete 
|   2|0x00000000fc200000, 0x00000000fc300000, 0x00000000fc300000|100%|HC|  |TAMS 0x00000000fc200000, 0x00000000fc200000| Complete 
|   3|0x00000000fc300000, 0x00000000fc400000, 0x00000000fc400000|100%| O|  |TAMS 0x00000000fc300000, 0x00000000fc300000| Untracked 
|   4|0x00000000fc400000, 0x00000000fc500000, 0x00000000fc500000|100%| O|  |TAMS 0x00000000fc400000, 0x00000000fc400000| Untracked 
|   5|0x00000000fc500000, 0x00000000fc600000, 0x00000000fc600000|100%| O|  |TAMS 0x00000000fc500000, 0x00000000fc500000| Untracked 
|   6|0x00000000fc600000, 0x00000000fc700000, 0x00000000fc700000|100%| O|  |TAMS 0x00000000fc600000, 0x00000000fc600000| Untracked 
|   7|0x00000000fc700000, 0x00000000fc800000, 0x00000000fc800000|100%| O|  |TAMS 0x00000000fc700000, 0x00000000fc700000| Untracked 
|   8|0x00000000fc800000, 0x00000000fc900000, 0x00000000fc900000|100%| O|  |TAMS 0x00000000fc800000, 0x00000000fc800000| Untracked 
|   9|0x00000000fc900000, 0x00000000fca00000, 0x00000000fca00000|100%| O|  |TAMS 0x00000000fc900000, 0x00000000fc900000| Untracked 
|  10|0x00000000fca00000, 0x00000000fcb00000, 0x00000000fcb00000|100%| O|  |TAMS 0x00000000fca00000, 0x00000000fca00000| Untracked 
|  11|0x00000000fcb00000, 0x00000000fcb69800, 0x00000000fcc00000| 41%| O|  |TAMS 0x00000000fcb00000, 0x00000000fcb00000| Untracked 
|  12|0x00000000fcc00000, 0x00000000fcc00000, 0x00000000fcd00000|  0%| F|  |TAMS 0x00000000fcc00000, 0x00000000fcc00000| Untracked 
|  13|0x00000000fcd00000, 0x00000000fcd00000, 0x00000000fce00000|  0%| F|  |TAMS 0x00000000fcd00000, 0x00000000fcd00000| Untracked 
|  14|0x00000000fce00000, 0x00000000fce00000, 0x00000000fcf00000|  0%| F|  |TAMS 0x00000000fce00000, 0x00000000fce00000| Untracked 
|  15|0x00000000fcf00000, 0x00000000fcf00000, 0x00000000fd000000|  0%| F|  |TAMS 0x00000000fcf00000, 0x00000000fcf00000| Untracked 
|  16|0x00000000fd000000, 0x00000000fd000000, 0x00000000fd100000|  0%| F|  |TAMS 0x00000000fd000000, 0x00000000fd000000| Untracked 
|  17|0x00000000fd100000, 0x00000000fd100000, 0x00000000fd200000|  0%| F|  |TAMS 0x00000000fd100000, 0x00000000fd100000| Untracked 
|  18|0x00000000fd200000, 0x00000000fd200000, 0x00000000fd300000|  0%| F|  |TAMS 0x00000000fd200000, 0x00000000fd200000| Untracked 
|  19|0x00000000fd300000, 0x00000000fd300000, 0x00000000fd400000|  0%| F|  |TAMS 0x00000000fd300000, 0x00000000fd300000| Untracked 
|  20|0x00000000fd400000, 0x00000000fd400000, 0x00000000fd500000|  0%| F|  |TAMS 0x00000000fd400000, 0x00000000fd400000| Untracked 
|  21|0x00000000fd500000, 0x00000000fd500000, 0x00000000fd600000|  0%| F|  |TAMS 0x00000000fd500000, 0x00000000fd500000| Untracked 
|  22|0x00000000fd600000, 0x00000000fd600000, 0x00000000fd700000|  0%| F|  |TAMS 0x00000000fd600000, 0x00000000fd600000| Untracked 
|  23|0x00000000fd700000, 0x00000000fd700000, 0x00000000fd800000|  0%| F|  |TAMS 0x00000000fd700000, 0x00000000fd700000| Untracked 
|  24|0x00000000fd800000, 0x00000000fd800000, 0x00000000fd900000|  0%| F|  |TAMS 0x00000000fd800000, 0x00000000fd800000| Untracked 
|  25|0x00000000fd900000, 0x00000000fd900000, 0x00000000fda00000|  0%| F|  |TAMS 0x00000000fd900000, 0x00000000fd900000| Untracked 
|  26|0x00000000fda00000, 0x00000000fda00000, 0x00000000fdb00000|  0%| F|  |TAMS 0x00000000fda00000, 0x00000000fda00000| Untracked 
|  27|0x00000000fdb00000, 0x00000000fdb00000, 0x00000000fdc00000|  0%| F|  |TAMS 0x00000000fdb00000, 0x00000000fdb00000| Untracked 
|  28|0x00000000fdc00000, 0x00000000fdc00000, 0x00000000fdd00000|  0%| F|  |TAMS 0x00000000fdc00000, 0x00000000fdc00000| Untracked 
|  29|0x00000000fdd00000, 0x00000000fdd00000, 0x00000000fde00000|  0%| F|  |TAMS 0x00000000fdd00000, 0x00000000fdd00000| Untracked 
|  30|0x00000000fde00000, 0x00000000fde00000, 0x00000000fdf00000|  0%| F|  |TAMS 0x00000000fde00000, 0x00000000fde00000| Untracked 
|  31|0x00000000fdf00000, 0x00000000fdf00000, 0x00000000fe000000|  0%| F|  |TAMS 0x00000000fdf00000, 0x00000000fdf00000| Untracked 
|  32|0x00000000fe000000, 0x00000000fe000000, 0x00000000fe100000|  0%| F|  |TAMS 0x00000000fe000000, 0x00000000fe000000| Untracked 
|  33|0x00000000fe100000, 0x00000000fe100000, 0x00000000fe200000|  0%| F|  |TAMS 0x00000000fe100000, 0x00000000fe100000| Untracked 
|  34|0x00000000fe200000, 0x00000000fe200000, 0x00000000fe300000|  0%| F|  |TAMS 0x00000000fe200000, 0x00000000fe200000| Untracked 
|  35|0x00000000fe300000, 0x00000000fe300000, 0x00000000fe400000|  0%| F|  |TAMS 0x00000000fe300000, 0x00000000fe300000| Untracked 
|  36|0x00000000fe400000, 0x00000000fe4aa920, 0x00000000fe500000| 66%| S|CS|TAMS 0x00000000fe400000, 0x00000000fe400000| Complete 
|  37|0x00000000fe500000, 0x00000000fe500000, 0x00000000fe600000|  0%| F|  |TAMS 0x00000000fe500000, 0x00000000fe500000| Untracked 
|  38|0x00000000fe600000, 0x00000000fe600000, 0x00000000fe700000|  0%| F|  |TAMS 0x00000000fe600000, 0x00000000fe600000| Untracked 
|  39|0x00000000fe700000, 0x00000000fe700000, 0x00000000fe800000|  0%| F|  |TAMS 0x00000000fe700000, 0x00000000fe700000| Untracked 
|  40|0x00000000fe800000, 0x00000000fe800000, 0x00000000fe900000|  0%| F|  |TAMS 0x00000000fe800000, 0x00000000fe800000| Untracked 
|  41|0x00000000fe900000, 0x00000000fe900000, 0x00000000fea00000|  0%| F|  |TAMS 0x00000000fe900000, 0x00000000fe900000| Untracked 
|  42|0x00000000fea00000, 0x00000000fea00000, 0x00000000feb00000|  0%| F|  |TAMS 0x00000000fea00000, 0x00000000fea00000| Untracked 
|  43|0x00000000feb00000, 0x00000000feb97d28, 0x00000000fec00000| 59%| E|  |TAMS 0x00000000feb00000, 0x00000000feb00000| Complete 
|  44|0x00000000fec00000, 0x00000000fed00000, 0x00000000fed00000|100%| E|CS|TAMS 0x00000000fec00000, 0x00000000fec00000| Complete 
|  45|0x00000000fed00000, 0x00000000fee00000, 0x00000000fee00000|100%| E|CS|TAMS 0x00000000fed00000, 0x00000000fed00000| Complete 
|  46|0x00000000fee00000, 0x00000000fef00000, 0x00000000fef00000|100%| E|CS|TAMS 0x00000000fee00000, 0x00000000fee00000| Complete 
|  47|0x00000000fef00000, 0x00000000ff000000, 0x00000000ff000000|100%| E|CS|TAMS 0x00000000fef00000, 0x00000000fef00000| Complete 
|  48|0x00000000ff000000, 0x00000000ff100000, 0x00000000ff100000|100%| E|CS|TAMS 0x00000000ff000000, 0x00000000ff000000| Complete 
|  49|0x00000000ff100000, 0x00000000ff200000, 0x00000000ff200000|100%| E|CS|TAMS 0x00000000ff100000, 0x00000000ff100000| Complete 
|  50|0x00000000ff200000, 0x00000000ff300000, 0x00000000ff300000|100%| E|CS|TAMS 0x00000000ff200000, 0x00000000ff200000| Complete 
|  51|0x00000000ff300000, 0x00000000ff400000, 0x00000000ff400000|100%| E|CS|TAMS 0x00000000ff300000, 0x00000000ff300000| Complete 
|  52|0x00000000ff400000, 0x00000000ff500000, 0x00000000ff500000|100%| E|CS|TAMS 0x00000000ff400000, 0x00000000ff400000| Complete 
|  53|0x00000000ff500000, 0x00000000ff600000, 0x00000000ff600000|100%| E|CS|TAMS 0x00000000ff500000, 0x00000000ff500000| Complete 
|  54|0x00000000ff600000, 0x00000000ff700000, 0x00000000ff700000|100%| E|CS|TAMS 0x00000000ff600000, 0x00000000ff600000| Complete 
|  55|0x00000000ff700000, 0x00000000ff800000, 0x00000000ff800000|100%| E|CS|TAMS 0x00000000ff700000, 0x00000000ff700000| Complete 
|  56|0x00000000ff800000, 0x00000000ff900000, 0x00000000ff900000|100%| E|CS|TAMS 0x00000000ff800000, 0x00000000ff800000| Complete 
|  57|0x00000000ff900000, 0x00000000ffa00000, 0x00000000ffa00000|100%| E|CS|TAMS 0x00000000ff900000, 0x00000000ff900000| Complete 
|  58|0x00000000ffa00000, 0x00000000ffb00000, 0x00000000ffb00000|100%| E|CS|TAMS 0x00000000ffa00000, 0x00000000ffa00000| Complete 
|  59|0x00000000ffb00000, 0x00000000ffc00000, 0x00000000ffc00000|100%| E|CS|TAMS 0x00000000ffb00000, 0x00000000ffb00000| Complete 
|  60|0x00000000ffc00000, 0x00000000ffd00000, 0x00000000ffd00000|100%| E|CS|TAMS 0x00000000ffc00000, 0x00000000ffc00000| Complete 
|  61|0x00000000ffd00000, 0x00000000ffe00000, 0x00000000ffe00000|100%| E|CS|TAMS 0x00000000ffd00000, 0x00000000ffd00000| Complete 
|  62|0x00000000ffe00000, 0x00000000fff00000, 0x00000000fff00000|100%| E|CS|TAMS 0x00000000ffe00000, 0x00000000ffe00000| Complete 
|  63|0x00000000fff00000, 0x0000000100000000, 0x0000000100000000|100%| E|CS|TAMS 0x00000000fff00000, 0x00000000fff00000| Complete 

Card table byte_map: [0x000002419b350000,0x000002419b370000] _byte_map_base: 0x000002419ab70000

Marking Bits (Prev, Next): (CMBitMap*) 0x000002419d3cb690, (CMBitMap*) 0x000002419d3cb6d0
 Prev Bits: [0x00000241b4260000, 0x00000241b4360000)
 Next Bits: [0x00000241b4360000, 0x00000241b4460000)

Polling page: 0x000002419b300000

Metaspace:

Usage:
  Non-class:      7.76 MB used.
      Class:      1.18 MB used.
       Both:      8.94 MB used.

Virtual space:
  Non-class space:       64.00 MB reserved,       7.81 MB ( 12%) committed,  1 nodes.
      Class space:        1.00 GB reserved,       1.25 MB ( <1%) committed,  1 nodes.
             Both:        1.06 GB reserved,       9.06 MB ( <1%) committed. 

Chunk freelists:
   Non-Class:  8.05 MB
       Class:  14.56 MB
        Both:  22.61 MB

MaxMetaspaceSize: unlimited
CompressedClassSpaceSize: 1.00 GB
Initial GC threshold: 21.00 MB
Current GC threshold: 21.00 MB
CDS: on
MetaspaceReclaimPolicy: balanced
 - commit_granule_bytes: 65536.
 - commit_granule_words: 8192.
 - virtual_space_node_default_size: 8388608.
 - enlarge_chunks_in_place: 1.
 - new_chunks_are_fully_committed: 0.
 - uncommit_free_chunks: 1.
 - use_allocation_guard: 0.
 - handle_deallocations: 1.


Internal statistics:

num_allocs_failed_limit: 0.
num_arena_births: 80.
num_arena_deaths: 0.
num_vsnodes_births: 2.
num_vsnodes_deaths: 0.
num_space_committed: 145.
num_space_uncommitted: 0.
num_chunks_returned_to_freelist: 0.
num_chunks_taken_from_freelist: 329.
num_chunk_merges: 0.
num_chunk_splits: 216.
num_chunks_enlarged: 166.
num_inconsistent_stats: 0.

CodeHeap 'non-profiled nmethods': size=120000Kb used=1126Kb max_used=1126Kb free=118874Kb
 bounds [0x00000241aca00000, 0x00000241acc70000, 0x00000241b3f30000]
CodeHeap 'profiled nmethods': size=120000Kb used=3378Kb max_used=3378Kb free=116621Kb
 bounds [0x00000241a4f30000, 0x00000241a5280000, 0x00000241ac460000]
CodeHeap 'non-nmethods': size=5760Kb used=1179Kb max_used=1214Kb free=4580Kb
 bounds [0x00000241ac460000, 0x00000241ac6d0000, 0x00000241aca00000]
 total_blobs=2357 nmethods=1895 adapters=375
 compilation: enabled
              stopped_count=0, restarted_count=0
 full_count=0

Compilation events (20 events):
Event: 266.982 Thread 0x00000241b6e266c0 nmethod 1885 0x00000241a5279410 code [0x00000241a5279600, 0x00000241a5279be8]
Event: 266.983 Thread 0x00000241b6e266c0 1886       3       org.gradle.internal.logging.sink.GroupingProgressLogEventGenerator$OperationGroup::header (47 bytes)
Event: 266.983 Thread 0x00000241b6e266c0 nmethod 1886 0x00000241a5279d90 code [0x00000241a5279f60, 0x00000241a527a1f8]
Event: 266.983 Thread 0x00000241b6e266c0 1887       3       org.gradle.internal.logging.sink.GroupingProgressLogEventGenerator::access$602 (7 bytes)
Event: 266.983 Thread 0x00000241b6e266c0 nmethod 1887 0x00000241a527a390 code [0x00000241a527a520, 0x00000241a527a618]
Event: 266.983 Thread 0x00000241b6e266c0 1888       3       org.gradle.internal.logging.sink.GroupingProgressLogEventGenerator::access$302 (7 bytes)
Event: 266.984 Thread 0x00000241b6e266c0 nmethod 1888 0x00000241a527a710 code [0x00000241a527a8a0, 0x00000241a527a9d8]
Event: 266.992 Thread 0x00000241b6e19d70 1889       4       org.gradle.internal.logging.serializer.ProgressCompleteEventSerializer::read (6 bytes)
Event: 267.012 Thread 0x00000241b6e19d70 nmethod 1889 0x00000241acb17a10 code [0x00000241acb17c40, 0x00000241acb186b0]
Event: 269.891 Thread 0x00000241b6e19d70 1890       4       java.util.concurrent.locks.ReentrantLock$Sync::isHeldExclusively (16 bytes)
Event: 269.892 Thread 0x00000241b6e19d70 nmethod 1890 0x00000241acb19110 code [0x00000241acb192a0, 0x00000241acb19358]
Event: 341.092 Thread 0x00000241b6e266c0 1891       3       java.lang.System::checkKey (34 bytes)
Event: 341.093 Thread 0x00000241b6e266c0 nmethod 1891 0x00000241a527aa90 code [0x00000241a527ac60, 0x00000241a527b018]
Event: 350.288 Thread 0x00000241b6e266c0 1892       3       java.lang.System::getProperty (25 bytes)
Event: 350.288 Thread 0x00000241b6e266c0 nmethod 1892 0x00000241a527b190 code [0x00000241a527b3c0, 0x00000241a527bab8]
Event: 391.595 Thread 0x00000241b6e266c0 1894       3       java.lang.invoke.MethodHandleNatives::refKindIsMethod (19 bytes)
Event: 391.596 Thread 0x00000241b6e266c0 nmethod 1894 0x00000241a527bd10 code [0x00000241a527bec0, 0x00000241a527c0f8]
Event: 391.596 Thread 0x00000241b6e266c0 1895       3       java.lang.ref.ReferenceQueue::reallyPoll (65 bytes)
Event: 391.596 Thread 0x00000241b6e266c0 nmethod 1895 0x00000241a527c190 code [0x00000241a527c360, 0x00000241a527c878]
Event: 391.598 Thread 0x00000241b6e19d70 1896       4       java.util.Arrays::copyOf (19 bytes)

GC Heap History (6 events):
Event: 0.410 GC heap before
{Heap before GC invocations=0 (full 0):
 garbage-first heap   total 65536K, used 23552K [0x00000000fc000000, 0x0000000100000000)
  region size 1024K, 23 young (23552K), 0 survivors (0K)
 Metaspace       used 1717K, committed 1856K, reserved 1114112K
  class space    used 161K, committed 192K, reserved 1048576K
}
Event: 0.413 GC heap after
{Heap after GC invocations=1 (full 0):
 garbage-first heap   total 65536K, used 1792K [0x00000000fc000000, 0x0000000100000000)
  region size 1024K, 2 young (2048K), 2 survivors (2048K)
 Metaspace       used 1717K, committed 1856K, reserved 1114112K
  class space    used 161K, committed 192K, reserved 1048576K
}
Event: 1.588 GC heap before
{Heap before GC invocations=1 (full 0):
 garbage-first heap   total 65536K, used 36608K [0x00000000fc000000, 0x0000000100000000)
  region size 1024K, 33 young (33792K), 2 survivors (2048K)
 Metaspace       used 8101K, committed 8320K, reserved 1114112K
  class space    used 1105K, committed 1216K, reserved 1048576K
}
Event: 1.594 GC heap after
{Heap after GC invocations=2 (full 0):
 garbage-first heap   total 65536K, used 11641K [0x00000000fc000000, 0x0000000100000000)
  region size 1024K, 5 young (5120K), 5 survivors (5120K)
 Metaspace       used 8101K, committed 8320K, reserved 1114112K
  class space    used 1105K, committed 1216K, reserved 1048576K
}
Event: 155.502 GC heap before
{Heap before GC invocations=2 (full 0):
 garbage-first heap   total 65536K, used 39289K [0x00000000fc000000, 0x0000000100000000)
  region size 1024K, 32 young (32768K), 5 survivors (5120K)
 Metaspace       used 9070K, committed 9280K, reserved 1114112K
  class space    used 1204K, committed 1280K, reserved 1048576K
}
Event: 155.508 GC heap after
{Heap after GC invocations=3 (full 0):
 garbage-first heap   total 65536K, used 12368K [0x00000000fc000000, 0x0000000100000000)
  region size 1024K, 1 young (1024K), 1 survivors (1024K)
 Metaspace       used 9070K, committed 9280K, reserved 1114112K
  class space    used 1204K, committed 1280K, reserved 1048576K
}

Dll operation events (12 events):
Event: 0.010 Loaded shared library C:\Program Files\Eclipse Adoptium\jdk-17.0.19.10-hotspot\bin\java.dll
Event: 0.026 Loaded shared library C:\Program Files\Eclipse Adoptium\jdk-17.0.19.10-hotspot\bin\jsvml.dll
Event: 0.052 Loaded shared library C:\Program Files\Eclipse Adoptium\jdk-17.0.19.10-hotspot\bin\net.dll
Event: 0.054 Loaded shared library C:\Program Files\Eclipse Adoptium\jdk-17.0.19.10-hotspot\bin\nio.dll
Event: 0.058 Loaded shared library C:\Program Files\Eclipse Adoptium\jdk-17.0.19.10-hotspot\bin\zip.dll
Event: 0.066 Loaded shared library C:\Program Files\Eclipse Adoptium\jdk-17.0.19.10-hotspot\bin\verify.dll
Event: 0.397 Loaded shared library C:\Program Files\Eclipse Adoptium\jdk-17.0.19.10-hotspot\bin\jimage.dll
Event: 0.864 Loaded shared library C:\Program Files\Eclipse Adoptium\jdk-17.0.19.10-hotspot\bin\management.dll
Event: 0.870 Loaded shared library C:\Program Files\Eclipse Adoptium\jdk-17.0.19.10-hotspot\bin\management_ext.dll
Event: 0.943 Loaded shared library C:\Users\franc\.gradle\native\1def1411415f61bf3af743bc5b6707747c0891f09f0c88961ee8f79bc544acac\windows-amd64\native-platform.dll
Event: 1.255 Loaded shared library C:\Program Files\Eclipse Adoptium\jdk-17.0.19.10-hotspot\bin\extnet.dll
Event: 1.621 Loaded shared library C:\Program Files\Eclipse Adoptium\jdk-17.0.19.10-hotspot\bin\sunmscapi.dll

Deoptimization events (20 events):
Event: 391.372 Thread 0x000002419d3a7c00 Uncommon trap: trap_request=0xffffff45 fr.pc=0x00000241acac1140 relative=0x0000000000000e20
Event: 391.372 Thread 0x000002419d3a7c00 Uncommon trap: reason=unstable_if action=reinterpret pc=0x00000241acac1140 method=com.esotericsoftware.kryo.io.Input.readUtf8Length(I)I @ 46 c2
Event: 391.372 Thread 0x000002419d3a7c00 DEOPT PACKING pc=0x00000241acac1140 sp=0x00000071105fd690
Event: 391.372 Thread 0x000002419d3a7c00 DEOPT UNPACKING pc=0x00000241ac4ba1a3 sp=0x00000071105fd5e8 mode 2
Event: 391.586 Thread 0x000002419d3a7c00 Uncommon trap: trap_request=0xffffff45 fr.pc=0x00000241acaed388 relative=0x00000000000024e8
Event: 391.586 Thread 0x000002419d3a7c00 Uncommon trap: reason=unstable_if action=reinterpret pc=0x00000241acaed388 method=sun.nio.ch.WEPollSelectorImpl.toReadyOps(I)I @ 5 c2
Event: 391.586 Thread 0x000002419d3a7c00 DEOPT PACKING pc=0x00000241acaed388 sp=0x00000071105fd840
Event: 391.586 Thread 0x000002419d3a7c00 DEOPT UNPACKING pc=0x00000241ac4ba1a3 sp=0x00000071105fd580 mode 2
Event: 391.587 Thread 0x000002419d3a7c00 Uncommon trap: trap_request=0xffffffb5 fr.pc=0x00000241acae7d98 relative=0x0000000000000518
Event: 391.587 Thread 0x000002419d3a7c00 Uncommon trap: reason=unloaded action=reinterpret pc=0x00000241acae7d98 method=sun.nio.ch.SocketChannelImpl.read(Ljava/nio/ByteBuffer;)I @ 194 c2
Event: 391.587 Thread 0x000002419d3a7c00 DEOPT PACKING pc=0x00000241acae7d98 sp=0x00000071105fd800
Event: 391.587 Thread 0x000002419d3a7c00 DEOPT UNPACKING pc=0x00000241ac4ba1a3 sp=0x00000071105fd7b8 mode 2
Event: 391.587 Thread 0x000002419d3a7c00 Uncommon trap: trap_request=0xffffff45 fr.pc=0x00000241acacf528 relative=0x0000000000000708
Event: 391.587 Thread 0x000002419d3a7c00 Uncommon trap: reason=unstable_if action=reinterpret pc=0x00000241acacf528 method=com.esotericsoftware.kryo.io.Input.require(I)I @ 180 c2
Event: 391.587 Thread 0x000002419d3a7c00 DEOPT PACKING pc=0x00000241acacf528 sp=0x00000071105fd920
Event: 391.587 Thread 0x000002419d3a7c00 DEOPT UNPACKING pc=0x00000241ac4ba1a3 sp=0x00000071105fd5f8 mode 2
Event: 391.588 Thread 0x000002419d3a7c00 Uncommon trap: trap_request=0xffffff45 fr.pc=0x00000241acb060e4 relative=0x0000000000000844
Event: 391.588 Thread 0x000002419d3a7c00 Uncommon trap: reason=unstable_if action=reinterpret pc=0x00000241acb060e4 method=org.gradle.launcher.daemon.client.DaemonClient.monitorBuild(Lorg/gradle/launcher/daemon/protocol/Build;Lorg/gradle/launcher/daemon/diagnostics/DaemonDiagnostics;Lorg/gradle/
Event: 391.588 Thread 0x000002419d3a7c00 DEOPT PACKING pc=0x00000241acb060e4 sp=0x00000071105fd9b0
Event: 391.588 Thread 0x000002419d3a7c00 DEOPT UNPACKING pc=0x00000241ac4ba1a3 sp=0x00000071105fd990 mode 2

Classes loaded (20 events):
Event: 25.634 Loading class jdk/internal/misc/ScopedMemoryAccess$Scope$Handle
Event: 25.634 Loading class jdk/internal/misc/ScopedMemoryAccess$Scope$Handle done
Event: 391.586 Loading class sun/net/ConnectionResetException
Event: 391.586 Loading class sun/net/ConnectionResetException done
Event: 391.591 Loading class java/nio/file/FileChannelLinesSpliterator
Event: 391.592 Loading class java/nio/file/FileChannelLinesSpliterator done
Event: 391.592 Loading class sun/nio/fs/WindowsSecurityDescriptor
Event: 391.593 Loading class sun/nio/fs/WindowsSecurityDescriptor done
Event: 391.593 Loading class sun/nio/fs/WindowsChannelFactory
Event: 391.593 Loading class sun/nio/fs/WindowsChannelFactory done
Event: 391.593 Loading class sun/nio/fs/WindowsChannelFactory$1
Event: 391.593 Loading class sun/nio/fs/WindowsChannelFactory$1 done
Event: 391.593 Loading class sun/nio/fs/WindowsChannelFactory$Flags
Event: 391.593 Loading class sun/nio/fs/WindowsChannelFactory$Flags done
Event: 391.593 Loading class sun/nio/fs/WindowsChannelFactory$2
Event: 391.593 Loading class sun/nio/fs/WindowsChannelFactory$2 done
Event: 391.594 Loading class sun/nio/ch/FileChannelImpl$Closer
Event: 391.595 Loading class sun/nio/ch/FileChannelImpl$Closer done
Event: 391.596 Loading class java/util/stream/Streams$1
Event: 391.597 Loading class java/util/stream/Streams$1 done

Classes unloaded (0 events):
No events

Classes redefined (0 events):
No events

Internal exceptions (20 events):
Event: 0.894 Thread 0x000002419d3a7c00 Exception <a 'java/lang/NoSuchMethodError'{0x00000000ff1fb140}: 'void java.lang.invoke.DirectMethodHandle$Holder.invokeStatic(java.lang.Object, java.lang.Object)'> (0x00000000ff1fb140) 
thrown [s\src\hotspot\share\interpreter\linkResolver.cpp, line 759]
Event: 0.895 Thread 0x000002419d3a7c00 Implicit null exception at 0x00000241aca6fb0a to 0x00000241aca70000
Event: 0.895 Thread 0x000002419d3a7c00 Implicit null exception at 0x00000241aca4870a to 0x00000241aca48c0c
Event: 0.895 Thread 0x000002419d3a7c00 Implicit null exception at 0x00000241aca36e2f to 0x00000241aca36ea9
Event: 0.916 Thread 0x000002419d3a7c00 Exception <a 'java/lang/NoClassDefFoundError'{0x00000000ff0af9d8}: org/slf4j/impl/StaticMarkerBinder> (0x00000000ff0af9d8) 
thrown [s\src\hotspot\share\classfile\systemDictionary.cpp, line 245]
Event: 0.951 Thread 0x000002419d3a7c00 Exception <a 'java/lang/NoSuchMethodError'{0x00000000fefd20c8}: 'java.lang.Object java.lang.invoke.Invokers$Holder.invoker(java.lang.Object, java.lang.Object, java.lang.Object)'> (0x00000000fefd20c8) 
thrown [s\src\hotspot\share\interpreter\linkResolver.cpp, line 759]
Event: 0.952 Thread 0x000002419d3a7c00 Exception <a 'java/lang/NoSuchMethodError'{0x00000000fefdb220}: 'java.lang.Object java.lang.invoke.DirectMethodHandle$Holder.invokeStatic(java.lang.Object, java.lang.Object, int)'> (0x00000000fefdb220) 
thrown [s\src\hotspot\share\interpreter\linkResolver.cpp, line 759]
Event: 0.953 Thread 0x000002419d3a7c00 Exception <a 'java/lang/NoSuchMethodError'{0x00000000fefe6f10}: 'void java.lang.invoke.DelegatingMethodHandle$Holder.delegate(java.lang.Object, java.lang.Object, int, java.lang.Object)'> (0x00000000fefe6f10) 
thrown [s\src\hotspot\share\interpreter\linkResolver.cpp, line 759]
Event: 0.956 Thread 0x000002419d3a7c00 Exception <a 'java/lang/NoSuchMethodError'{0x00000000feffa558}: 'java.lang.Object java.lang.invoke.Invokers$Holder.invokeExact_MT(java.lang.Object, java.lang.Object, java.lang.Object, java.lang.Object)'> (0x00000000feffa558) 
thrown [s\src\hotspot\share\interpreter\linkResolver.cpp, line 759]
Event: 0.961 Thread 0x000002419d3a7c00 Exception <a 'java/lang/NoSuchMethodError'{0x00000000fee24440}: 'java.lang.Object java.lang.invoke.DirectMethodHandle$Holder.invokeVirtual(java.lang.Object, java.lang.Object, java.lang.Object)'> (0x00000000fee24440) 
thrown [s\src\hotspot\share\interpreter\linkResolver.cpp, line 759]
Event: 1.039 Thread 0x000002419d3a7c00 Exception <a 'java/lang/NoSuchMethodError'{0x00000000feb54940}: 'java.lang.Object java.lang.invoke.DirectMethodHandle$Holder.newInvokeSpecial(java.lang.Object, java.lang.Object, java.lang.Object, java.lang.Object, java.lang.Object)'> (0x00000000feb54940) 
thrown [s\src\hotspot\share\interpreter\linkResolver.cpp, line 759]
Event: 1.063 Thread 0x000002419d3a7c00 Exception <a 'java/lang/NoSuchMethodError'{0x00000000fea82510}: 'void java.lang.invoke.DirectMethodHandle$Holder.invokeSpecial(java.lang.Object, java.lang.Object, java.lang.Object)'> (0x00000000fea82510) 
thrown [s\src\hotspot\share\interpreter\linkResolver.cpp, line 759]
Event: 1.265 Thread 0x000002419d3a7c00 Exception <a 'java/lang/NoSuchMethodError'{0x00000000fe6986f0}: 'void java.lang.invoke.DirectMethodHandle$Holder.invokeStatic(java.lang.Object, java.lang.Object, java.lang.Object)'> (0x00000000fe6986f0) 
thrown [s\src\hotspot\share\interpreter\linkResolver.cpp, line 759]
Event: 1.353 Thread 0x000002419d3a7c00 Exception <a 'java/lang/NoSuchMethodError'{0x00000000fe338de0}: 'java.lang.Object java.lang.invoke.DirectMethodHandle$Holder.newInvokeSpecial(java.lang.Object, java.lang.Object, java.lang.Object, java.lang.Object, java.lang.Object, java.lang.Object, java.lang.Object, java.lang.Object, java.lang.Object, java.lang.Object, java.lang.Object, java.lang.Object, java.lang.Object, java.lang.Object, java.lang.Object, java.lang.Object, java.lang.Object, java.lang.Object, java.lang.Object, java.lang.Object, java.lang
Event: 1.353 Thread 0x000002419d3a7c00 Exception <a 'java/lang/NoSuchMethodError'{0x00000000fe3453e8}: 'java.lang.Object java.lang.invoke.Invokers$Holder.linkToTargetMethod(java.lang.Object, java.lang.Object, java.lang.Object, java.lang.Object, java.lang.Object, java.lang.Object, java.lang.Object, java.lang.Object, java.lang.Object, java.lang.Object, java.lang.Object, java.lang.Object, java.lang.Object, java.lang.Object, java.lang.Object, java.lang.Object, java.lang.Object, java.lang.Object, java.lang.Object, java.lang.Object, java.lang.Object,
Event: 1.404 Thread 0x000002419d3a7c00 Exception <a 'java/lang/NoSuchMethodError'{0x00000000fe1a8cb0}: 'java.lang.Object java.lang.invoke.DirectMethodHandle$Holder.invokeStaticInit(java.lang.Object, int, int, int, int)'> (0x00000000fe1a8cb0) 
thrown [s\src\hotspot\share\interpreter\linkResolver.cpp, line 759]
Event: 1.448 Thread 0x000002419d3a7c00 Exception <a 'java/lang/NoSuchMethodError'{0x00000000fe07f8f8}: 'java.lang.Object java.lang.invoke.DirectMethodHandle$Holder.invokeStaticInit(java.lang.Object, java.lang.Object, int, int, int, int)'> (0x00000000fe07f8f8) 
thrown [s\src\hotspot\share\interpreter\linkResolver.cpp, line 759]
Event: 1.467 Thread 0x000002419d3a7c00 Implicit null exception at 0x00000241aca491f2 to 0x00000241aca49830
Event: 391.587 Thread 0x000002419d3a7c00 Exception <a 'sun/net/ConnectionResetException'{0x00000000fecea5b0}: Connection reset> (0x00000000fecea5b0) 
thrown [s\src\hotspot\share\prims\jni.cpp, line 535]
Event: 391.588 Thread 0x000002419d3a7c00 Implicit null exception at 0x00000241acb05abc to 0x00000241acb06094

VM Operations (20 events):
Event: 216.804 Executing VM operation: Cleanup
Event: 216.804 Executing VM operation: Cleanup done
Event: 220.833 Executing VM operation: Cleanup
Event: 220.833 Executing VM operation: Cleanup done
Event: 228.907 Executing VM operation: Cleanup
Event: 228.907 Executing VM operation: Cleanup done
Event: 231.921 Executing VM operation: Cleanup
Event: 231.921 Executing VM operation: Cleanup done
Event: 240.695 Executing VM operation: HandshakeAllThreads
Event: 240.695 Executing VM operation: HandshakeAllThreads done
Event: 251.810 Executing VM operation: Cleanup
Event: 251.810 Executing VM operation: Cleanup done
Event: 256.853 Executing VM operation: Cleanup
Event: 256.853 Executing VM operation: Cleanup done
Event: 262.905 Executing VM operation: Cleanup
Event: 262.905 Executing VM operation: Cleanup done
Event: 265.924 Executing VM operation: Cleanup
Event: 265.924 Executing VM operation: Cleanup done
Event: 270.962 Executing VM operation: Cleanup
Event: 270.962 Executing VM operation: Cleanup done

Memory protections (0 events):
No events

Nmethod flushes (0 events):
No events

Events (20 events):
Event: 0.028 Thread 0x000002419d3a7c00 Thread added: 0x00000241b6e029f0
Event: 0.028 Thread 0x000002419d3a7c00 Thread added: 0x00000241b6e035b0
Event: 0.035 Thread 0x000002419d3a7c00 Thread added: 0x00000241b6e16280
Event: 0.035 Thread 0x000002419d3a7c00 Thread added: 0x00000241b6e16c40
Event: 0.035 Thread 0x000002419d3a7c00 Thread added: 0x00000241b6e17600
Event: 0.035 Thread 0x000002419d3a7c00 Thread added: 0x00000241b6e17fc0
Event: 0.035 Thread 0x000002419d3a7c00 Thread added: 0x00000241b6e19d70
Event: 0.036 Thread 0x000002419d3a7c00 Thread added: 0x00000241b6e266c0
Event: 0.036 Thread 0x000002419d3a7c00 Thread added: 0x00000241b6e26fd0
Event: 0.048 Thread 0x000002419d3a7c00 Thread added: 0x00000241fc094730
Event: 0.049 Thread 0x000002419d3a7c00 Thread added: 0x00000241fc096ec0
Event: 0.242 Thread 0x00000241b6e266c0 Thread added: 0x00000241fc232540
Event: 0.392 Thread 0x00000241b6e266c0 Thread added: 0x00000241fc1ceb90
Event: 0.978 Thread 0x000002419d3a7c00 Thread added: 0x00000241fcfe9a30
Event: 1.292 Thread 0x00000241fc1ceb90 Thread exited: 0x00000241fc1ceb90
Event: 1.293 Thread 0x00000241fc232540 Thread exited: 0x00000241fc232540
Event: 25.429 Thread 0x00000241b6e19d70 Thread added: 0x00000241b6ec9aa0
Event: 25.504 Thread 0x00000241b6ec9aa0 Thread added: 0x00000241b6ecc3e0
Event: 26.185 Thread 0x00000241b6ecc3e0 Thread exited: 0x00000241b6ecc3e0
Event: 26.386 Thread 0x00000241b6ec9aa0 Thread exited: 0x00000241b6ec9aa0


Dynamic libraries:
0x00007ff7cd4f0000 - 0x00007ff7cd4fe000 	C:\Program Files\Eclipse Adoptium\jdk-17.0.19.10-hotspot\bin\java.exe
0x00007ffbb0840000 - 0x00007ffbb0aa7000 	C:\WINDOWS\SYSTEM32\ntdll.dll
0x00007ffbaef50000 - 0x00007ffbaf019000 	C:\WINDOWS\System32\KERNEL32.DLL
0x00007ffbad110000 - 0x00007ffbad504000 	C:\WINDOWS\System32\KERNELBASE.dll
0x00007ffbae110000 - 0x00007ffbae25b000 	C:\WINDOWS\System32\ucrtbase.dll
0x00007ffb92660000 - 0x00007ffb9267e000 	C:\Program Files\Eclipse Adoptium\jdk-17.0.19.10-hotspot\bin\VCRUNTIME140.dll
0x00007ffb88df0000 - 0x00007ffb88e08000 	C:\Program Files\Eclipse Adoptium\jdk-17.0.19.10-hotspot\bin\jli.dll
0x00007ffbb0320000 - 0x00007ffbb04e5000 	C:\WINDOWS\System32\USER32.dll
0x00007ffbad510000 - 0x00007ffbad537000 	C:\WINDOWS\System32\win32u.dll
0x00007ffb94570000 - 0x00007ffb94803000 	C:\WINDOWS\WinSxS\amd64_microsoft.windows.common-controls_6595b64144ccf1df_6.0.26100.8115_none_3e075c82e3354f9c\COMCTL32.dll
0x00007ffbb01c0000 - 0x00007ffbb0269000 	C:\WINDOWS\System32\msvcrt.dll
0x00007ffbaf390000 - 0x00007ffbaf3bb000 	C:\WINDOWS\System32\GDI32.dll
0x00007ffbae260000 - 0x00007ffbae38b000 	C:\WINDOWS\System32\gdi32full.dll
0x00007ffbad740000 - 0x00007ffbad7e3000 	C:\WINDOWS\System32\msvcp_win.dll
0x00007ffbb00f0000 - 0x00007ffbb0122000 	C:\WINDOWS\System32\IMM32.DLL
0x00007ffba52d0000 - 0x00007ffba52dc000 	C:\Program Files\Eclipse Adoptium\jdk-17.0.19.10-hotspot\bin\vcruntime140_1.dll
0x00007ffb47930000 - 0x00007ffb479bd000 	C:\Program Files\Eclipse Adoptium\jdk-17.0.19.10-hotspot\bin\msvcp140.dll
0x00007ffb2ed30000 - 0x00007ffb2f99c000 	C:\Program Files\Eclipse Adoptium\jdk-17.0.19.10-hotspot\bin\server\jvm.dll
0x00007ffbaf020000 - 0x00007ffbaf0d6000 	C:\WINDOWS\System32\ADVAPI32.dll
0x00007ffbb0270000 - 0x00007ffbb0317000 	C:\WINDOWS\System32\sechost.dll
0x00007ffbb0510000 - 0x00007ffbb0628000 	C:\WINDOWS\System32\RPCRT4.dll
0x00007ffbaf0e0000 - 0x00007ffbaf160000 	C:\WINDOWS\System32\WS2_32.dll
0x00007ffbacf70000 - 0x00007ffbacfce000 	C:\WINDOWS\SYSTEM32\POWRPROF.dll
0x00007ffb9a740000 - 0x00007ffb9a776000 	C:\WINDOWS\SYSTEM32\WINMM.dll
0x00007ffb9fce0000 - 0x00007ffb9fceb000 	C:\WINDOWS\SYSTEM32\VERSION.dll
0x00007ffbacf50000 - 0x00007ffbacf64000 	C:\WINDOWS\SYSTEM32\UMPDC.dll
0x00007ffbabe70000 - 0x00007ffbabe8b000 	C:\WINDOWS\SYSTEM32\kernel.appcore.dll
0x00007ffba0be0000 - 0x00007ffba0bea000 	C:\Program Files\Eclipse Adoptium\jdk-17.0.19.10-hotspot\bin\jimage.dll
0x00007ffbab1f0000 - 0x00007ffbab432000 	C:\WINDOWS\SYSTEM32\DBGHELP.DLL
0x00007ffbaf4c0000 - 0x00007ffbaf842000 	C:\WINDOWS\System32\combase.dll
0x00007ffbae6f0000 - 0x00007ffbae7c8000 	C:\WINDOWS\System32\OLEAUT32.dll
0x00007ffb92f80000 - 0x00007ffb92fbb000 	C:\WINDOWS\SYSTEM32\dbgcore.DLL
0x00007ffbad7f0000 - 0x00007ffbad895000 	C:\WINDOWS\System32\bcryptPrimitives.dll
0x00007ffb79820000 - 0x00007ffb79845000 	C:\Program Files\Eclipse Adoptium\jdk-17.0.19.10-hotspot\bin\java.dll
0x00007ffb468e0000 - 0x00007ffb469b7000 	C:\Program Files\Eclipse Adoptium\jdk-17.0.19.10-hotspot\bin\jsvml.dll
0x00007ffbaf860000 - 0x00007ffbaffc7000 	C:\WINDOWS\System32\SHELL32.dll
0x00007ffbad540000 - 0x00007ffbad6aa000 	C:\WINDOWS\System32\wintypes.dll
0x00007ffbad8a0000 - 0x00007ffbae108000 	C:\WINDOWS\System32\windows.storage.dll
0x00007ffbae7d0000 - 0x00007ffbae8c8000 	C:\WINDOWS\System32\SHCORE.dll
0x00007ffbb0630000 - 0x00007ffbb0696000 	C:\WINDOWS\System32\shlwapi.dll
0x00007ffbad030000 - 0x00007ffbad059000 	C:\WINDOWS\SYSTEM32\profapi.dll
0x00007ffb86a10000 - 0x00007ffb86a2a000 	C:\Program Files\Eclipse Adoptium\jdk-17.0.19.10-hotspot\bin\net.dll
0x00007ffba3610000 - 0x00007ffba373d000 	C:\WINDOWS\SYSTEM32\WINHTTP.dll
0x00007ffbac3f0000 - 0x00007ffbac45c000 	C:\WINDOWS\system32\mswsock.dll
0x00007ffb86930000 - 0x00007ffb86946000 	C:\Program Files\Eclipse Adoptium\jdk-17.0.19.10-hotspot\bin\nio.dll
0x00007ffb7ee30000 - 0x00007ffb7ee48000 	C:\Program Files\Eclipse Adoptium\jdk-17.0.19.10-hotspot\bin\zip.dll
0x00007ffb95ea0000 - 0x00007ffb95eb0000 	C:\Program Files\Eclipse Adoptium\jdk-17.0.19.10-hotspot\bin\verify.dll
0x00007ffb95e00000 - 0x00007ffb95e0a000 	C:\Program Files\Eclipse Adoptium\jdk-17.0.19.10-hotspot\bin\management.dll
0x00007ffb94810000 - 0x00007ffb9481c000 	C:\Program Files\Eclipse Adoptium\jdk-17.0.19.10-hotspot\bin\management_ext.dll
0x00007ffbaf850000 - 0x00007ffbaf858000 	C:\WINDOWS\System32\PSAPI.DLL
0x00007ffb76f50000 - 0x00007ffb76f77000 	C:\Users\franc\.gradle\native\1def1411415f61bf3af743bc5b6707747c0891f09f0c88961ee8f79bc544acac\windows-amd64\native-platform.dll
0x00007ffbab840000 - 0x00007ffbab872000 	C:\WINDOWS\SYSTEM32\IPHLPAPI.DLL
0x00007ffbae5d0000 - 0x00007ffbae5da000 	C:\WINDOWS\System32\NSI.dll
0x00007ffba4a20000 - 0x00007ffba4a3d000 	C:\WINDOWS\SYSTEM32\dhcpcsvc6.DLL
0x00007ffba3760000 - 0x00007ffba3785000 	C:\WINDOWS\SYSTEM32\dhcpcsvc.DLL
0x00007ffbab880000 - 0x00007ffbab9b2000 	C:\WINDOWS\SYSTEM32\DNSAPI.dll
0x00007ffb92620000 - 0x00007ffb92629000 	C:\Program Files\Eclipse Adoptium\jdk-17.0.19.10-hotspot\bin\extnet.dll
0x00007ffbac700000 - 0x00007ffbac71b000 	C:\WINDOWS\SYSTEM32\CRYPTSP.dll
0x00007ffbabdd0000 - 0x00007ffbabe09000 	C:\WINDOWS\system32\rsaenh.dll
0x00007ffbac4a0000 - 0x00007ffbac4d3000 	C:\WINDOWS\SYSTEM32\USERENV.dll
0x00007ffbad000000 - 0x00007ffbad02a000 	C:\WINDOWS\SYSTEM32\bcrypt.dll
0x00007ffbac6f0000 - 0x00007ffbac6fc000 	C:\WINDOWS\SYSTEM32\CRYPTBASE.dll
0x00007ffb90360000 - 0x00007ffb9036e000 	C:\Program Files\Eclipse Adoptium\jdk-17.0.19.10-hotspot\bin\sunmscapi.dll
0x00007ffbae450000 - 0x00007ffbae5c7000 	C:\WINDOWS\System32\CRYPT32.dll
0x00007ffbac910000 - 0x00007ffbac940000 	C:\WINDOWS\SYSTEM32\ncrypt.dll
0x00007ffbac8c0000 - 0x00007ffbac8ff000 	C:\WINDOWS\SYSTEM32\NTASN1.dll
0x00007ffb7f600000 - 0x00007ffb7f608000 	C:\WINDOWS\system32\wshunix.dll

dbghelp: loaded successfully - version: 4.0.5 - missing functions: none
symbol engine: initialized successfully - sym options: 0x614 - pdb path: .;C:\Program Files\Eclipse Adoptium\jdk-17.0.19.10-hotspot\bin;C:\WINDOWS\SYSTEM32;C:\WINDOWS\WinSxS\amd64_microsoft.windows.common-controls_6595b64144ccf1df_6.0.26100.8115_none_3e075c82e3354f9c;C:\Program Files\Eclipse Adoptium\jdk-17.0.19.10-hotspot\bin\server;C:\Users\franc\.gradle\native\1def1411415f61bf3af743bc5b6707747c0891f09f0c88961ee8f79bc544acac\windows-amd64

VM Arguments:
jvm_args: -Xmx64m -Xms64m -Dorg.gradle.appname=gradlew 
java_command: D:\Francis\projects\2026\Rezzy\mobile-app\android\\gradle\wrapper\gradle-wrapper.jar assembleDebug --console=plain
java_class_path (initial): D:\Francis\projects\2026\Rezzy\mobile-app\android\\gradle\wrapper\gradle-wrapper.jar
Launcher Type: SUN_STANDARD

[Global flags]
     intx CICompilerCount                          = 4                                         {product} {ergonomic}
     uint ConcGCThreads                            = 2                                         {product} {ergonomic}
     uint G1ConcRefinementThreads                  = 8                                         {product} {ergonomic}
   size_t G1HeapRegionSize                         = 1048576                                   {product} {ergonomic}
    uintx GCDrainStackTargetSize                   = 64                                        {product} {ergonomic}
   size_t InitialHeapSize                          = 67108864                                  {product} {command line}
   size_t MarkStackSize                            = 4194304                                   {product} {ergonomic}
   size_t MaxHeapSize                              = 67108864                                  {product} {command line}
   size_t MaxNewSize                               = 39845888                                  {product} {ergonomic}
   size_t MinHeapDeltaBytes                        = 1048576                                   {product} {ergonomic}
   size_t MinHeapSize                              = 67108864                                  {product} {command line}
    uintx NonNMethodCodeHeapSize                   = 5839372                                {pd product} {ergonomic}
    uintx NonProfiledCodeHeapSize                  = 122909434                              {pd product} {ergonomic}
    uintx ProfiledCodeHeapSize                     = 122909434                              {pd product} {ergonomic}
    uintx ReservedCodeCacheSize                    = 251658240                              {pd product} {ergonomic}
     bool SegmentedCodeCache                       = true                                      {product} {ergonomic}
   size_t SoftMaxHeapSize                          = 67108864                               {manageable} {ergonomic}
     bool UseCompressedClassPointers               = true                           {product lp64_product} {ergonomic}
     bool UseCompressedOops                        = true                           {product lp64_product} {ergonomic}
     bool UseG1GC                                  = true                                      {product} {ergonomic}
     bool UseLargePagesIndividualAllocation        = false                                  {pd product} {ergonomic}

Logging:
Log output configuration:
 #0: stdout all=warning uptime,level,tags
 #1: stderr all=off uptime,level,tags

Environment Variables:
JAVA_HOME=C:\Program Files\Eclipse Adoptium\jdk-17.0.19.10-hotspot
PATH=C:\Program Files\Eclipse Adoptium\jdk-17.0.19.10-hotspot\bin;C:\Android\sdk\cmdline-tools\latest\bin;C:\Android\sdk\platform-tools;C:\Python314\Scripts\;C:\Python314\;C:\WINDOWS\system32;C:\WINDOWS;C:\WINDOWS\System32\Wbem;C:\WINDOWS\System32\WindowsPowerShell\v1.0\;C:\WINDOWS\System32\OpenSSH\;C:\Users\franc\.config\herd\bin\nvm;C:\Program Files\nodejs;D:\setup\;D:\setup\Git\cmd;C:\ProgramData\chocolatey\bin;C:\Users\franc\.config\herd-lite\bin;C:\Users\franc\.config\herd\bin;C:\Users\franc\AppData\Local\Microsoft\WindowsApps;D:\setup\Microsoft VS Code\bin;C:\Users\franc\AppData\Local\GitHubDesktop\bin;C:\Users\franc\AppData\Roaming\npm;C:\Users\franc\AppData\Local\Microsoft\WinGet\Packages\Gyan.FFmpeg_Microsoft.Winget.Source_8wekyb3d8bbwe\ffmpeg-8.1-full_build\bin;
USERNAME=franc
OS=Windows_NT
PROCESSOR_IDENTIFIER=Intel64 Family 6 Model 126 Stepping 5, GenuineIntel
TMP=C:\Users\franc\AppData\Local\Temp
TEMP=C:\Users\franc\AppData\Local\Temp



Periodic native trim disabled


---------------  S Y S T E M  ---------------

OS:
 Windows 11 , 64 bit Build 26100 (10.0.26100.8246)
OS uptime: 0 days 4:36 hours
Hyper-V role detected

CPU: total 8 (initial active 8) (4 cores per cpu, 2 threads per core) family 6 model 126 stepping 5 microcode 0xbc, cx8, cmov, fxsr, ht, mmx, 3dnowpref, sse, sse2, sse3, ssse3, sse4.1, sse4.2, popcnt, lzcnt, tsc, tscinvbit, avx, avx2, aes, erms, clmul, bmi1, bmi2, adx, avx512f, avx512dq, avx512cd, avx512bw, avx512vl, sha, fma, vzeroupper, avx512_vpopcntdq, avx512_vpclmulqdq, avx512_vaes, avx512_vnni, clflush, clflushopt, avx512_vbmi2, avx512_vbmi, hv
Processor Information for all 8 processors :
  Max Mhz: 1501, Current Mhz: 1501, Mhz Limit: 1501

Memory: 4k page, system-wide physical 11971M (1253M free)
TotalPageFile size 16729M (AvailPageFile size 815M)
current process WorkingSet (physical memory assigned to process): 109M, peak: 126M
current process commit charge ("private bytes"): 165M, peak: 181M

vm_info: OpenJDK 64-Bit Server VM (17.0.19+10) for windows-amd64 JRE (17.0.19+10), built on Apr 25 2026 08:04:44 by "admin" with MS VC++ 17.12 (VS2022)

END.
